Archive member included to satisfy reference by file (symbol)

/home/greg/Bureau/TempsReel/gcc/bin/../lib/gcc/arm-none-eabi/9.2.1/../../../../arm-none-eabi/lib/thumb/v7e-m+fp/hard/libc_nano.a(lib_a-exit.o)
                              /home/greg/Bureau/TempsReel/gcc/bin/../lib/gcc/arm-none-eabi/9.2.1/../../../../arm-none-eabi/lib/thumb/v7e-m+fp/hard/crt0.o (exit)
/home/greg/Bureau/TempsReel/gcc/bin/../lib/gcc/arm-none-eabi/9.2.1/../../../../arm-none-eabi/lib/thumb/v7e-m+fp/hard/libc_nano.a(lib_a-impure.o)
                              /home/greg/Bureau/TempsReel/gcc/bin/../lib/gcc/arm-none-eabi/9.2.1/../../../../arm-none-eabi/lib/thumb/v7e-m+fp/hard/libc_nano.a(lib_a-exit.o) (_global_impure_ptr)
/home/greg/Bureau/TempsReel/gcc/bin/../lib/gcc/arm-none-eabi/9.2.1/../../../../arm-none-eabi/lib/thumb/v7e-m+fp/hard/libc_nano.a(lib_a-init.o)
                              /home/greg/Bureau/TempsReel/gcc/bin/../lib/gcc/arm-none-eabi/9.2.1/../../../../arm-none-eabi/lib/thumb/v7e-m+fp/hard/crt0.o (__libc_init_array)
/home/greg/Bureau/TempsReel/gcc/bin/../lib/gcc/arm-none-eabi/9.2.1/../../../../arm-none-eabi/lib/thumb/v7e-m+fp/hard/libc_nano.a(lib_a-memset.o)
                              /home/greg/Bureau/TempsReel/gcc/bin/../lib/gcc/arm-none-eabi/9.2.1/../../../../arm-none-eabi/lib/thumb/v7e-m+fp/hard/crt0.o (memset)
/home/greg/Bureau/TempsReel/gcc/bin/../lib/gcc/arm-none-eabi/9.2.1/thumb/v7e-m+fp/hard/libgcc.a(_aeabi_ldivmod.o)
                              ./build/stm32l4xx_hal_uart.o (__aeabi_ldivmod)
/home/greg/Bureau/TempsReel/gcc/bin/../lib/gcc/arm-none-eabi/9.2.1/thumb/v7e-m+fp/hard/libgcc.a(_aeabi_uldivmod.o)
                              ./build/stm32l4xx_hal_uart.o (__aeabi_uldivmod)
/home/greg/Bureau/TempsReel/gcc/bin/../lib/gcc/arm-none-eabi/9.2.1/thumb/v7e-m+fp/hard/libgcc.a(_udivmoddi4.o)
                              /home/greg/Bureau/TempsReel/gcc/bin/../lib/gcc/arm-none-eabi/9.2.1/thumb/v7e-m+fp/hard/libgcc.a(_aeabi_ldivmod.o) (__udivmoddi4)
/home/greg/Bureau/TempsReel/gcc/bin/../lib/gcc/arm-none-eabi/9.2.1/thumb/v7e-m+fp/hard/libgcc.a(_dvmd_tls.o)
                              /home/greg/Bureau/TempsReel/gcc/bin/../lib/gcc/arm-none-eabi/9.2.1/thumb/v7e-m+fp/hard/libgcc.a(_aeabi_ldivmod.o) (__aeabi_ldiv0)
/home/greg/Bureau/TempsReel/gcc/bin/../lib/gcc/arm-none-eabi/9.2.1/../../../../arm-none-eabi/lib/thumb/v7e-m+fp/hard/libnosys.a(_exit.o)
                              /home/greg/Bureau/TempsReel/gcc/bin/../lib/gcc/arm-none-eabi/9.2.1/../../../../arm-none-eabi/lib/thumb/v7e-m+fp/hard/libc_nano.a(lib_a-exit.o) (_exit)

Allocating common symbols
Common symbol       size              file

pBufferReadyForReception
                    0x4               ./build/main.o
aRXBufferA          0xa               ./build/main.o
pBufferReadyForUser
                    0x4               ./build/main.o
UartHandle          0x80              ./build/main.o
uwTick              0x4               ./build/stm32l4xx_hal.o
aRXBufferB          0xa               ./build/main.o

Memory Configuration

Name             Origin             Length             Attributes
FLASH            0x0000000008000000 0x0000000000100000 xr
RAM              0x0000000020000000 0x0000000000018000 xrw
*default*        0x0000000000000000 0xffffffffffffffff

Linker script and memory map

LOAD /home/greg/Bureau/TempsReel/gcc/bin/../lib/gcc/arm-none-eabi/9.2.1/thumb/v7e-m+fp/hard/crti.o
LOAD /home/greg/Bureau/TempsReel/gcc/bin/../lib/gcc/arm-none-eabi/9.2.1/thumb/v7e-m+fp/hard/crtbegin.o
LOAD /home/greg/Bureau/TempsReel/gcc/bin/../lib/gcc/arm-none-eabi/9.2.1/../../../../arm-none-eabi/lib/thumb/v7e-m+fp/hard/crt0.o
START GROUP
LOAD /home/greg/Bureau/TempsReel/gcc/bin/../lib/gcc/arm-none-eabi/9.2.1/../../../../arm-none-eabi/lib/thumb/v7e-m+fp/hard/libc_nano.a
LOAD /home/greg/Bureau/TempsReel/gcc/bin/../lib/gcc/arm-none-eabi/9.2.1/../../../../arm-none-eabi/lib/thumb/v7e-m+fp/hard/libm.a
END GROUP
LOAD ./build/main.o
LOAD ./build/stm32l4xx_it.o
LOAD ./build/stm32l4xx_hal.o
LOAD ./build/stm32l4xx_hal_cortex.o
LOAD ./build/stm32l4xx_hal_rcc.o
LOAD ./build/stm32l4xx_hal_pwr_ex.o
LOAD ./build/stm32l4xx_hal_gpio.o
LOAD ./build/stm32l4xx_hal_pwr.o
LOAD ./build/stm32l4xx_hal_uart.o
LOAD ./build/stm32l4xx_hal_dma.o
LOAD ./build/stm32l4xx_hal_uart_ex.o
LOAD ./build/stm32l4xx_nucleo.o
LOAD ./build/system_stm32l4xx.o
LOAD build/stm32l476_startup.o
START GROUP
LOAD /home/greg/Bureau/TempsReel/gcc/bin/../lib/gcc/arm-none-eabi/9.2.1/thumb/v7e-m+fp/hard/libgcc.a
LOAD /home/greg/Bureau/TempsReel/gcc/bin/../lib/gcc/arm-none-eabi/9.2.1/../../../../arm-none-eabi/lib/thumb/v7e-m+fp/hard/libc_nano.a
END GROUP
START GROUP
LOAD /home/greg/Bureau/TempsReel/gcc/bin/../lib/gcc/arm-none-eabi/9.2.1/thumb/v7e-m+fp/hard/libgcc.a
LOAD /home/greg/Bureau/TempsReel/gcc/bin/../lib/gcc/arm-none-eabi/9.2.1/../../../../arm-none-eabi/lib/thumb/v7e-m+fp/hard/libc_nano.a
LOAD /home/greg/Bureau/TempsReel/gcc/bin/../lib/gcc/arm-none-eabi/9.2.1/../../../../arm-none-eabi/lib/thumb/v7e-m+fp/hard/libnosys.a
END GROUP
START GROUP
LOAD /home/greg/Bureau/TempsReel/gcc/bin/../lib/gcc/arm-none-eabi/9.2.1/thumb/v7e-m+fp/hard/libgcc.a
LOAD /home/greg/Bureau/TempsReel/gcc/bin/../lib/gcc/arm-none-eabi/9.2.1/../../../../arm-none-eabi/lib/thumb/v7e-m+fp/hard/libc_nano.a
LOAD /home/greg/Bureau/TempsReel/gcc/bin/../lib/gcc/arm-none-eabi/9.2.1/../../../../arm-none-eabi/lib/thumb/v7e-m+fp/hard/libnosys.a
END GROUP
LOAD /home/greg/Bureau/TempsReel/gcc/bin/../lib/gcc/arm-none-eabi/9.2.1/thumb/v7e-m+fp/hard/crtend.o
LOAD /home/greg/Bureau/TempsReel/gcc/bin/../lib/gcc/arm-none-eabi/9.2.1/thumb/v7e-m+fp/hard/crtn.o
                0x0000000020018000                _estack = 0x20018000
                0x0000000000000200                _Min_Heap_Size = 0x200
                0x0000000000000400                _Min_Stack_Size = 0x400

.isr_vector     0x0000000008000000      0x188
                0x0000000008000000                . = ALIGN (0x8)
 *(.isr_vector)
 .isr_vector    0x0000000008000000      0x188 build/stm32l476_startup.o
                0x0000000008000000                g_pfnVectors
                0x0000000008000188                . = ALIGN (0x8)

.text           0x0000000008000188     0x3ea0
                0x0000000008000188                . = ALIGN (0x8)
 *(.text)
 .text          0x0000000008000188        0x0 /home/greg/Bureau/TempsReel/gcc/bin/../lib/gcc/arm-none-eabi/9.2.1/thumb/v7e-m+fp/hard/crti.o
 .text          0x0000000008000188       0x40 /home/greg/Bureau/TempsReel/gcc/bin/../lib/gcc/arm-none-eabi/9.2.1/thumb/v7e-m+fp/hard/crtbegin.o
 .text          0x00000000080001c8       0x74 /home/greg/Bureau/TempsReel/gcc/bin/../lib/gcc/arm-none-eabi/9.2.1/../../../../arm-none-eabi/lib/thumb/v7e-m+fp/hard/crt0.o
                0x00000000080001c8                _mainCRTStartup
                0x00000000080001c8                _start
 .text          0x000000000800023c        0x0 /home/greg/Bureau/TempsReel/gcc/bin/../lib/gcc/arm-none-eabi/9.2.1/../../../../arm-none-eabi/lib/thumb/v7e-m+fp/hard/libc_nano.a(lib_a-exit.o)
 .text          0x000000000800023c        0x0 /home/greg/Bureau/TempsReel/gcc/bin/../lib/gcc/arm-none-eabi/9.2.1/../../../../arm-none-eabi/lib/thumb/v7e-m+fp/hard/libc_nano.a(lib_a-impure.o)
 .text          0x000000000800023c        0x0 /home/greg/Bureau/TempsReel/gcc/bin/../lib/gcc/arm-none-eabi/9.2.1/../../../../arm-none-eabi/lib/thumb/v7e-m+fp/hard/libc_nano.a(lib_a-init.o)
 .text          0x000000000800023c        0x0 /home/greg/Bureau/TempsReel/gcc/bin/../lib/gcc/arm-none-eabi/9.2.1/../../../../arm-none-eabi/lib/thumb/v7e-m+fp/hard/libc_nano.a(lib_a-memset.o)
 .text          0x000000000800023c        0x0 ./build/main.o
 .text          0x000000000800023c        0x0 ./build/stm32l4xx_it.o
 .text          0x000000000800023c        0x0 ./build/stm32l4xx_hal.o
 .text          0x000000000800023c        0x0 ./build/stm32l4xx_hal_cortex.o
 .text          0x000000000800023c        0x0 ./build/stm32l4xx_hal_rcc.o
 .text          0x000000000800023c        0x0 ./build/stm32l4xx_hal_pwr_ex.o
 .text          0x000000000800023c        0x0 ./build/stm32l4xx_hal_gpio.o
 .text          0x000000000800023c        0x0 ./build/stm32l4xx_hal_pwr.o
 .text          0x000000000800023c        0x0 ./build/stm32l4xx_hal_uart.o
 .text          0x000000000800023c        0x0 ./build/stm32l4xx_hal_dma.o
 .text          0x000000000800023c        0x0 ./build/stm32l4xx_hal_uart_ex.o
 .text          0x000000000800023c        0x0 ./build/stm32l4xx_nucleo.o
 .text          0x000000000800023c        0x0 ./build/system_stm32l4xx.o
 .text          0x000000000800023c       0x14 build/stm32l476_startup.o
 .text          0x0000000008000250       0xa0 /home/greg/Bureau/TempsReel/gcc/bin/../lib/gcc/arm-none-eabi/9.2.1/thumb/v7e-m+fp/hard/libgcc.a(_aeabi_ldivmod.o)
                0x0000000008000250                __aeabi_ldivmod
 .text          0x00000000080002f0       0x30 /home/greg/Bureau/TempsReel/gcc/bin/../lib/gcc/arm-none-eabi/9.2.1/thumb/v7e-m+fp/hard/libgcc.a(_aeabi_uldivmod.o)
                0x00000000080002f0                __aeabi_uldivmod
 .text          0x0000000008000320      0x2c4 /home/greg/Bureau/TempsReel/gcc/bin/../lib/gcc/arm-none-eabi/9.2.1/thumb/v7e-m+fp/hard/libgcc.a(_udivmoddi4.o)
                0x0000000008000320                __udivmoddi4
 .text          0x00000000080005e4        0x4 /home/greg/Bureau/TempsReel/gcc/bin/../lib/gcc/arm-none-eabi/9.2.1/thumb/v7e-m+fp/hard/libgcc.a(_dvmd_tls.o)
                0x00000000080005e4                __aeabi_ldiv0
                0x00000000080005e4                __aeabi_idiv0
 .text          0x00000000080005e8        0x0 /home/greg/Bureau/TempsReel/gcc/bin/../lib/gcc/arm-none-eabi/9.2.1/../../../../arm-none-eabi/lib/thumb/v7e-m+fp/hard/libnosys.a(_exit.o)
 .text          0x00000000080005e8        0x0 /home/greg/Bureau/TempsReel/gcc/bin/../lib/gcc/arm-none-eabi/9.2.1/thumb/v7e-m+fp/hard/crtend.o
 .text          0x00000000080005e8        0x0 /home/greg/Bureau/TempsReel/gcc/bin/../lib/gcc/arm-none-eabi/9.2.1/thumb/v7e-m+fp/hard/crtn.o
 *(.text*)
 .text.exit     0x00000000080005e8       0x28 /home/greg/Bureau/TempsReel/gcc/bin/../lib/gcc/arm-none-eabi/9.2.1/../../../../arm-none-eabi/lib/thumb/v7e-m+fp/hard/libc_nano.a(lib_a-exit.o)
                0x00000000080005e8                exit
 .text.__libc_init_array
                0x0000000008000610       0x48 /home/greg/Bureau/TempsReel/gcc/bin/../lib/gcc/arm-none-eabi/9.2.1/../../../../arm-none-eabi/lib/thumb/v7e-m+fp/hard/libc_nano.a(lib_a-init.o)
                0x0000000008000610                __libc_init_array
 .text.memset   0x0000000008000658       0x10 /home/greg/Bureau/TempsReel/gcc/bin/../lib/gcc/arm-none-eabi/9.2.1/../../../../arm-none-eabi/lib/thumb/v7e-m+fp/hard/libc_nano.a(lib_a-memset.o)
                0x0000000008000658                memset
 .text.startup.main
                0x0000000008000668      0x134 ./build/main.o
                0x0000000008000668                main
 .text.UART_CharReception_Callback
                0x000000000800079c       0x44 ./build/main.o
                0x000000000800079c                UART_CharReception_Callback
 .text.UART_Error_Callback
                0x00000000080007e0       0x2c ./build/main.o
                0x00000000080007e0                UART_Error_Callback
 .text.NMI_Handler
                0x000000000800080c        0x2 ./build/stm32l4xx_it.o
                0x000000000800080c                NMI_Handler
 .text.HardFault_Handler
                0x000000000800080e        0x2 ./build/stm32l4xx_it.o
                0x000000000800080e                HardFault_Handler
 .text.MemManage_Handler
                0x0000000008000810        0x2 ./build/stm32l4xx_it.o
                0x0000000008000810                MemManage_Handler
 .text.BusFault_Handler
                0x0000000008000812        0x2 ./build/stm32l4xx_it.o
                0x0000000008000812                BusFault_Handler
 .text.UsageFault_Handler
                0x0000000008000814        0x2 ./build/stm32l4xx_it.o
                0x0000000008000814                UsageFault_Handler
 .text.SVC_Handler
                0x0000000008000816        0x2 ./build/stm32l4xx_it.o
                0x0000000008000816                SVC_Handler
 .text.DebugMon_Handler
                0x0000000008000818        0x2 ./build/stm32l4xx_it.o
                0x0000000008000818                DebugMon_Handler
 .text.PendSV_Handler
                0x000000000800081a        0x2 ./build/stm32l4xx_it.o
                0x000000000800081a                PendSV_Handler
 .text.SysTick_Handler
                0x000000000800081c        0x4 ./build/stm32l4xx_it.o
                0x000000000800081c                SysTick_Handler
 .text.EXTI15_10_IRQHandler
                0x0000000008000820        0x8 ./build/stm32l4xx_it.o
                0x0000000008000820                EXTI15_10_IRQHandler
 .text.HAL_MspInit
                0x0000000008000828        0x2 ./build/stm32l4xx_hal.o
                0x0000000008000828                HAL_MspInit
 .text.HAL_MspDeInit
                0x000000000800082a        0x2 ./build/stm32l4xx_hal.o
                0x000000000800082a                HAL_MspDeInit
 .text.HAL_DeInit
                0x000000000800082c       0x2c ./build/stm32l4xx_hal.o
                0x000000000800082c                HAL_DeInit
 .text.HAL_InitTick
                0x0000000008000858       0x4c ./build/stm32l4xx_hal.o
                0x0000000008000858                HAL_InitTick
 .text.HAL_Init
                0x00000000080008a4       0x1e ./build/stm32l4xx_hal.o
                0x00000000080008a4                HAL_Init
 *fill*         0x00000000080008c2        0x2 
 .text.HAL_IncTick
                0x00000000080008c4       0x18 ./build/stm32l4xx_hal.o
                0x00000000080008c4                HAL_IncTick
 .text.HAL_GetTick
                0x00000000080008dc        0xc ./build/stm32l4xx_hal.o
                0x00000000080008dc                HAL_GetTick
 .text.HAL_GetTickPrio
                0x00000000080008e8        0xc ./build/stm32l4xx_hal.o
                0x00000000080008e8                HAL_GetTickPrio
 .text.HAL_SetTickFreq
                0x00000000080008f4       0x28 ./build/stm32l4xx_hal.o
                0x00000000080008f4                HAL_SetTickFreq
 .text.HAL_GetTickFreq
                0x000000000800091c        0xc ./build/stm32l4xx_hal.o
                0x000000000800091c                HAL_GetTickFreq
 .text.HAL_Delay
                0x0000000008000928       0x28 ./build/stm32l4xx_hal.o
                0x0000000008000928                HAL_Delay
 .text.HAL_SuspendTick
                0x0000000008000950       0x10 ./build/stm32l4xx_hal.o
                0x0000000008000950                HAL_SuspendTick
 .text.HAL_ResumeTick
                0x0000000008000960       0x10 ./build/stm32l4xx_hal.o
                0x0000000008000960                HAL_ResumeTick
 .text.HAL_GetHalVersion
                0x0000000008000970        0x6 ./build/stm32l4xx_hal.o
                0x0000000008000970                HAL_GetHalVersion
 *fill*         0x0000000008000976        0x2 
 .text.HAL_GetREVID
                0x0000000008000978        0xc ./build/stm32l4xx_hal.o
                0x0000000008000978                HAL_GetREVID
 .text.HAL_GetDEVID
                0x0000000008000984       0x10 ./build/stm32l4xx_hal.o
                0x0000000008000984                HAL_GetDEVID
 .text.HAL_GetUIDw0
                0x0000000008000994        0xc ./build/stm32l4xx_hal.o
                0x0000000008000994                HAL_GetUIDw0
 .text.HAL_GetUIDw1
                0x00000000080009a0        0xc ./build/stm32l4xx_hal.o
                0x00000000080009a0                HAL_GetUIDw1
 .text.HAL_GetUIDw2
                0x00000000080009ac        0xc ./build/stm32l4xx_hal.o
                0x00000000080009ac                HAL_GetUIDw2
 .text.HAL_DBGMCU_EnableDBGSleepMode
                0x00000000080009b8       0x10 ./build/stm32l4xx_hal.o
                0x00000000080009b8                HAL_DBGMCU_EnableDBGSleepMode
 .text.HAL_DBGMCU_DisableDBGSleepMode
                0x00000000080009c8       0x10 ./build/stm32l4xx_hal.o
                0x00000000080009c8                HAL_DBGMCU_DisableDBGSleepMode
 .text.HAL_DBGMCU_EnableDBGStopMode
                0x00000000080009d8       0x10 ./build/stm32l4xx_hal.o
                0x00000000080009d8                HAL_DBGMCU_EnableDBGStopMode
 .text.HAL_DBGMCU_DisableDBGStopMode
                0x00000000080009e8       0x10 ./build/stm32l4xx_hal.o
                0x00000000080009e8                HAL_DBGMCU_DisableDBGStopMode
 .text.HAL_DBGMCU_EnableDBGStandbyMode
                0x00000000080009f8       0x10 ./build/stm32l4xx_hal.o
                0x00000000080009f8                HAL_DBGMCU_EnableDBGStandbyMode
 .text.HAL_DBGMCU_DisableDBGStandbyMode
                0x0000000008000a08       0x10 ./build/stm32l4xx_hal.o
                0x0000000008000a08                HAL_DBGMCU_DisableDBGStandbyMode
 .text.HAL_SYSCFG_SRAM2Erase
                0x0000000008000a18       0x1c ./build/stm32l4xx_hal.o
                0x0000000008000a18                HAL_SYSCFG_SRAM2Erase
 .text.HAL_SYSCFG_EnableMemorySwappingBank
                0x0000000008000a34        0xc ./build/stm32l4xx_hal.o
                0x0000000008000a34                HAL_SYSCFG_EnableMemorySwappingBank
 .text.HAL_SYSCFG_DisableMemorySwappingBank
                0x0000000008000a40        0xc ./build/stm32l4xx_hal.o
                0x0000000008000a40                HAL_SYSCFG_DisableMemorySwappingBank
 .text.HAL_SYSCFG_VREFBUF_VoltageScalingConfig
                0x0000000008000a4c       0x14 ./build/stm32l4xx_hal.o
                0x0000000008000a4c                HAL_SYSCFG_VREFBUF_VoltageScalingConfig
 .text.HAL_SYSCFG_VREFBUF_HighImpedanceConfig
                0x0000000008000a60       0x14 ./build/stm32l4xx_hal.o
                0x0000000008000a60                HAL_SYSCFG_VREFBUF_HighImpedanceConfig
 .text.HAL_SYSCFG_VREFBUF_TrimmingConfig
                0x0000000008000a74       0x14 ./build/stm32l4xx_hal.o
                0x0000000008000a74                HAL_SYSCFG_VREFBUF_TrimmingConfig
 .text.HAL_SYSCFG_EnableVREFBUF
                0x0000000008000a88       0x30 ./build/stm32l4xx_hal.o
                0x0000000008000a88                HAL_SYSCFG_EnableVREFBUF
 .text.HAL_SYSCFG_DisableVREFBUF
                0x0000000008000ab8       0x10 ./build/stm32l4xx_hal.o
                0x0000000008000ab8                HAL_SYSCFG_DisableVREFBUF
 .text.HAL_SYSCFG_EnableIOAnalogSwitchBooster
                0x0000000008000ac8       0x10 ./build/stm32l4xx_hal.o
                0x0000000008000ac8                HAL_SYSCFG_EnableIOAnalogSwitchBooster
 .text.HAL_SYSCFG_DisableIOAnalogSwitchBooster
                0x0000000008000ad8       0x10 ./build/stm32l4xx_hal.o
                0x0000000008000ad8                HAL_SYSCFG_DisableIOAnalogSwitchBooster
 .text.HAL_NVIC_SetPriorityGrouping
                0x0000000008000ae8       0x24 ./build/stm32l4xx_hal_cortex.o
                0x0000000008000ae8                HAL_NVIC_SetPriorityGrouping
 .text.HAL_NVIC_SetPriority
                0x0000000008000b0c       0x64 ./build/stm32l4xx_hal_cortex.o
                0x0000000008000b0c                HAL_NVIC_SetPriority
 .text.HAL_NVIC_EnableIRQ
                0x0000000008000b70       0x1c ./build/stm32l4xx_hal_cortex.o
                0x0000000008000b70                HAL_NVIC_EnableIRQ
 .text.HAL_NVIC_DisableIRQ
                0x0000000008000b8c       0x28 ./build/stm32l4xx_hal_cortex.o
                0x0000000008000b8c                HAL_NVIC_DisableIRQ
 .text.HAL_NVIC_SystemReset
                0x0000000008000bb4       0x24 ./build/stm32l4xx_hal_cortex.o
                0x0000000008000bb4                HAL_NVIC_SystemReset
 .text.HAL_SYSTICK_Config
                0x0000000008000bd8       0x2c ./build/stm32l4xx_hal_cortex.o
                0x0000000008000bd8                HAL_SYSTICK_Config
 .text.HAL_NVIC_GetPriorityGrouping
                0x0000000008000c04       0x10 ./build/stm32l4xx_hal_cortex.o
                0x0000000008000c04                HAL_NVIC_GetPriorityGrouping
 .text.HAL_NVIC_GetPriority
                0x0000000008000c14       0x5c ./build/stm32l4xx_hal_cortex.o
                0x0000000008000c14                HAL_NVIC_GetPriority
 .text.HAL_NVIC_SetPendingIRQ
                0x0000000008000c70       0x20 ./build/stm32l4xx_hal_cortex.o
                0x0000000008000c70                HAL_NVIC_SetPendingIRQ
 .text.HAL_NVIC_GetPendingIRQ
                0x0000000008000c90       0x24 ./build/stm32l4xx_hal_cortex.o
                0x0000000008000c90                HAL_NVIC_GetPendingIRQ
 .text.HAL_NVIC_ClearPendingIRQ
                0x0000000008000cb4       0x20 ./build/stm32l4xx_hal_cortex.o
                0x0000000008000cb4                HAL_NVIC_ClearPendingIRQ
 .text.HAL_NVIC_GetActive
                0x0000000008000cd4       0x24 ./build/stm32l4xx_hal_cortex.o
                0x0000000008000cd4                HAL_NVIC_GetActive
 .text.HAL_SYSTICK_CLKSourceConfig
                0x0000000008000cf8       0x18 ./build/stm32l4xx_hal_cortex.o
                0x0000000008000cf8                HAL_SYSTICK_CLKSourceConfig
 .text.HAL_SYSTICK_Callback
                0x0000000008000d10        0x2 ./build/stm32l4xx_hal_cortex.o
                0x0000000008000d10                HAL_SYSTICK_Callback
 .text.HAL_SYSTICK_IRQHandler
                0x0000000008000d12        0x8 ./build/stm32l4xx_hal_cortex.o
                0x0000000008000d12                HAL_SYSTICK_IRQHandler
 *fill*         0x0000000008000d1a        0x2 
 .text.HAL_MPU_Disable
                0x0000000008000d1c       0x20 ./build/stm32l4xx_hal_cortex.o
                0x0000000008000d1c                HAL_MPU_Disable
 .text.HAL_MPU_Enable
                0x0000000008000d3c       0x24 ./build/stm32l4xx_hal_cortex.o
                0x0000000008000d3c                HAL_MPU_Enable
 .text.HAL_MPU_ConfigRegion
                0x0000000008000d60       0x50 ./build/stm32l4xx_hal_cortex.o
                0x0000000008000d60                HAL_MPU_ConfigRegion
 .text.RCC_SetFlashLatencyFromMSIRange
                0x0000000008000db0       0x84 ./build/stm32l4xx_hal_rcc.o
 .text.HAL_RCC_DeInit
                0x0000000008000e34       0xe0 ./build/stm32l4xx_hal_rcc.o
                0x0000000008000e34                HAL_RCC_DeInit
 .text.HAL_RCC_MCOConfig
                0x0000000008000f14       0x50 ./build/stm32l4xx_hal_rcc.o
                0x0000000008000f14                HAL_RCC_MCOConfig
 .text.HAL_RCC_GetSysClockFreq
                0x0000000008000f64       0x9c ./build/stm32l4xx_hal_rcc.o
                0x0000000008000f64                HAL_RCC_GetSysClockFreq
 .text.HAL_RCC_OscConfig
                0x0000000008001000      0x4c4 ./build/stm32l4xx_hal_rcc.o
                0x0000000008001000                HAL_RCC_OscConfig
 .text.HAL_RCC_ClockConfig
                0x00000000080014c4      0x128 ./build/stm32l4xx_hal_rcc.o
                0x00000000080014c4                HAL_RCC_ClockConfig
 .text.HAL_RCC_GetHCLKFreq
                0x00000000080015ec        0xc ./build/stm32l4xx_hal_rcc.o
                0x00000000080015ec                HAL_RCC_GetHCLKFreq
 .text.HAL_RCC_GetPCLK1Freq
                0x00000000080015f8       0x24 ./build/stm32l4xx_hal_rcc.o
                0x00000000080015f8                HAL_RCC_GetPCLK1Freq
 .text.HAL_RCC_GetPCLK2Freq
                0x000000000800161c       0x24 ./build/stm32l4xx_hal_rcc.o
                0x000000000800161c                HAL_RCC_GetPCLK2Freq
 .text.HAL_RCC_GetOscConfig
                0x0000000008001640       0xc4 ./build/stm32l4xx_hal_rcc.o
                0x0000000008001640                HAL_RCC_GetOscConfig
 .text.HAL_RCC_GetClockConfig
                0x0000000008001704       0x3c ./build/stm32l4xx_hal_rcc.o
                0x0000000008001704                HAL_RCC_GetClockConfig
 .text.HAL_RCC_EnableCSS
                0x0000000008001740       0x10 ./build/stm32l4xx_hal_rcc.o
                0x0000000008001740                HAL_RCC_EnableCSS
 .text.HAL_RCC_CSSCallback
                0x0000000008001750        0x2 ./build/stm32l4xx_hal_rcc.o
                0x0000000008001750                HAL_RCC_CSSCallback
 *fill*         0x0000000008001752        0x2 
 .text.HAL_RCC_NMI_IRQHandler
                0x0000000008001754       0x1c ./build/stm32l4xx_hal_rcc.o
                0x0000000008001754                HAL_RCC_NMI_IRQHandler
 .text.HAL_PWREx_GetVoltageRange
                0x0000000008001770       0x10 ./build/stm32l4xx_hal_pwr_ex.o
                0x0000000008001770                HAL_PWREx_GetVoltageRange
 .text.HAL_PWREx_ControlVoltageScaling
                0x0000000008001780       0x6c ./build/stm32l4xx_hal_pwr_ex.o
                0x0000000008001780                HAL_PWREx_ControlVoltageScaling
 .text.HAL_PWREx_EnableBatteryCharging
                0x00000000080017ec       0x1c ./build/stm32l4xx_hal_pwr_ex.o
                0x00000000080017ec                HAL_PWREx_EnableBatteryCharging
 .text.HAL_PWREx_DisableBatteryCharging
                0x0000000008001808       0x10 ./build/stm32l4xx_hal_pwr_ex.o
                0x0000000008001808                HAL_PWREx_DisableBatteryCharging
 .text.HAL_PWREx_EnableVddUSB
                0x0000000008001818       0x10 ./build/stm32l4xx_hal_pwr_ex.o
                0x0000000008001818                HAL_PWREx_EnableVddUSB
 .text.HAL_PWREx_DisableVddUSB
                0x0000000008001828       0x10 ./build/stm32l4xx_hal_pwr_ex.o
                0x0000000008001828                HAL_PWREx_DisableVddUSB
 .text.HAL_PWREx_EnableVddIO2
                0x0000000008001838       0x10 ./build/stm32l4xx_hal_pwr_ex.o
                0x0000000008001838                HAL_PWREx_EnableVddIO2
 .text.HAL_PWREx_DisableVddIO2
                0x0000000008001848       0x10 ./build/stm32l4xx_hal_pwr_ex.o
                0x0000000008001848                HAL_PWREx_DisableVddIO2
 .text.HAL_PWREx_EnableInternalWakeUpLine
                0x0000000008001858       0x10 ./build/stm32l4xx_hal_pwr_ex.o
                0x0000000008001858                HAL_PWREx_EnableInternalWakeUpLine
 .text.HAL_PWREx_DisableInternalWakeUpLine
                0x0000000008001868       0x10 ./build/stm32l4xx_hal_pwr_ex.o
                0x0000000008001868                HAL_PWREx_DisableInternalWakeUpLine
 .text.HAL_PWREx_EnableGPIOPullUp
                0x0000000008001878       0xbc ./build/stm32l4xx_hal_pwr_ex.o
                0x0000000008001878                HAL_PWREx_EnableGPIOPullUp
 .text.HAL_PWREx_DisableGPIOPullUp
                0x0000000008001934       0x84 ./build/stm32l4xx_hal_pwr_ex.o
                0x0000000008001934                HAL_PWREx_DisableGPIOPullUp
 .text.HAL_PWREx_EnableGPIOPullDown
                0x00000000080019b8       0xbc ./build/stm32l4xx_hal_pwr_ex.o
                0x00000000080019b8                HAL_PWREx_EnableGPIOPullDown
 .text.HAL_PWREx_DisableGPIOPullDown
                0x0000000008001a74       0x88 ./build/stm32l4xx_hal_pwr_ex.o
                0x0000000008001a74                HAL_PWREx_DisableGPIOPullDown
 .text.HAL_PWREx_EnablePullUpPullDownConfig
                0x0000000008001afc       0x10 ./build/stm32l4xx_hal_pwr_ex.o
                0x0000000008001afc                HAL_PWREx_EnablePullUpPullDownConfig
 .text.HAL_PWREx_DisablePullUpPullDownConfig
                0x0000000008001b0c       0x10 ./build/stm32l4xx_hal_pwr_ex.o
                0x0000000008001b0c                HAL_PWREx_DisablePullUpPullDownConfig
 .text.HAL_PWREx_EnableSRAM2ContentRetention
                0x0000000008001b1c       0x10 ./build/stm32l4xx_hal_pwr_ex.o
                0x0000000008001b1c                HAL_PWREx_EnableSRAM2ContentRetention
 .text.HAL_PWREx_DisableSRAM2ContentRetention
                0x0000000008001b2c       0x10 ./build/stm32l4xx_hal_pwr_ex.o
                0x0000000008001b2c                HAL_PWREx_DisableSRAM2ContentRetention
 .text.HAL_PWREx_EnablePVM1
                0x0000000008001b3c       0x10 ./build/stm32l4xx_hal_pwr_ex.o
                0x0000000008001b3c                HAL_PWREx_EnablePVM1
 .text.HAL_PWREx_DisablePVM1
                0x0000000008001b4c       0x10 ./build/stm32l4xx_hal_pwr_ex.o
                0x0000000008001b4c                HAL_PWREx_DisablePVM1
 .text.HAL_PWREx_EnablePVM2
                0x0000000008001b5c       0x10 ./build/stm32l4xx_hal_pwr_ex.o
                0x0000000008001b5c                HAL_PWREx_EnablePVM2
 .text.HAL_PWREx_DisablePVM2
                0x0000000008001b6c       0x10 ./build/stm32l4xx_hal_pwr_ex.o
                0x0000000008001b6c                HAL_PWREx_DisablePVM2
 .text.HAL_PWREx_EnablePVM3
                0x0000000008001b7c       0x10 ./build/stm32l4xx_hal_pwr_ex.o
                0x0000000008001b7c                HAL_PWREx_EnablePVM3
 .text.HAL_PWREx_DisablePVM3
                0x0000000008001b8c       0x10 ./build/stm32l4xx_hal_pwr_ex.o
                0x0000000008001b8c                HAL_PWREx_DisablePVM3
 .text.HAL_PWREx_EnablePVM4
                0x0000000008001b9c       0x10 ./build/stm32l4xx_hal_pwr_ex.o
                0x0000000008001b9c                HAL_PWREx_EnablePVM4
 .text.HAL_PWREx_DisablePVM4
                0x0000000008001bac       0x10 ./build/stm32l4xx_hal_pwr_ex.o
                0x0000000008001bac                HAL_PWREx_DisablePVM4
 .text.HAL_PWREx_ConfigPVM
                0x0000000008001bbc      0x174 ./build/stm32l4xx_hal_pwr_ex.o
                0x0000000008001bbc                HAL_PWREx_ConfigPVM
 .text.HAL_PWREx_EnableLowPowerRunMode
                0x0000000008001d30       0x10 ./build/stm32l4xx_hal_pwr_ex.o
                0x0000000008001d30                HAL_PWREx_EnableLowPowerRunMode
 .text.HAL_PWREx_DisableLowPowerRunMode
                0x0000000008001d40       0x44 ./build/stm32l4xx_hal_pwr_ex.o
                0x0000000008001d40                HAL_PWREx_DisableLowPowerRunMode
 .text.HAL_PWREx_EnterSTOP0Mode
                0x0000000008001d84       0x34 ./build/stm32l4xx_hal_pwr_ex.o
                0x0000000008001d84                HAL_PWREx_EnterSTOP0Mode
 .text.HAL_PWREx_EnterSTOP1Mode
                0x0000000008001db8       0x38 ./build/stm32l4xx_hal_pwr_ex.o
                0x0000000008001db8                HAL_PWREx_EnterSTOP1Mode
 .text.HAL_PWREx_EnterSTOP2Mode
                0x0000000008001df0       0x38 ./build/stm32l4xx_hal_pwr_ex.o
                0x0000000008001df0                HAL_PWREx_EnterSTOP2Mode
 .text.HAL_PWREx_EnterSHUTDOWNMode
                0x0000000008001e28       0x24 ./build/stm32l4xx_hal_pwr_ex.o
                0x0000000008001e28                HAL_PWREx_EnterSHUTDOWNMode
 .text.HAL_PWREx_PVM1Callback
                0x0000000008001e4c        0x2 ./build/stm32l4xx_hal_pwr_ex.o
                0x0000000008001e4c                HAL_PWREx_PVM1Callback
 .text.HAL_PWREx_PVM2Callback
                0x0000000008001e4e        0x2 ./build/stm32l4xx_hal_pwr_ex.o
                0x0000000008001e4e                HAL_PWREx_PVM2Callback
 .text.HAL_PWREx_PVM3Callback
                0x0000000008001e50        0x2 ./build/stm32l4xx_hal_pwr_ex.o
                0x0000000008001e50                HAL_PWREx_PVM3Callback
 .text.HAL_PWREx_PVM4Callback
                0x0000000008001e52        0x2 ./build/stm32l4xx_hal_pwr_ex.o
                0x0000000008001e52                HAL_PWREx_PVM4Callback
 .text.HAL_PWREx_PVD_PVM_IRQHandler
                0x0000000008001e54       0x54 ./build/stm32l4xx_hal_pwr_ex.o
                0x0000000008001e54                HAL_PWREx_PVD_PVM_IRQHandler
 .text.HAL_GPIO_Init
                0x0000000008001ea8      0x1bc ./build/stm32l4xx_hal_gpio.o
                0x0000000008001ea8                HAL_GPIO_Init
 .text.HAL_GPIO_DeInit
                0x0000000008002064      0x11c ./build/stm32l4xx_hal_gpio.o
                0x0000000008002064                HAL_GPIO_DeInit
 .text.HAL_GPIO_ReadPin
                0x0000000008002180        0xc ./build/stm32l4xx_hal_gpio.o
                0x0000000008002180                HAL_GPIO_ReadPin
 .text.HAL_GPIO_WritePin
                0x000000000800218c        0xa ./build/stm32l4xx_hal_gpio.o
                0x000000000800218c                HAL_GPIO_WritePin
 .text.HAL_GPIO_TogglePin
                0x0000000008002196        0xc ./build/stm32l4xx_hal_gpio.o
                0x0000000008002196                HAL_GPIO_TogglePin
 .text.HAL_GPIO_LockPin
                0x00000000080021a2       0x2a ./build/stm32l4xx_hal_gpio.o
                0x00000000080021a2                HAL_GPIO_LockPin
 .text.HAL_GPIO_EXTI_Callback
                0x00000000080021cc        0x2 ./build/stm32l4xx_hal_gpio.o
                0x00000000080021cc                HAL_GPIO_EXTI_Callback
 *fill*         0x00000000080021ce        0x2 
 .text.HAL_GPIO_EXTI_IRQHandler
                0x00000000080021d0       0x18 ./build/stm32l4xx_hal_gpio.o
                0x00000000080021d0                HAL_GPIO_EXTI_IRQHandler
 .text.HAL_PWR_DeInit
                0x00000000080021e8       0x18 ./build/stm32l4xx_hal_pwr.o
                0x00000000080021e8                HAL_PWR_DeInit
 .text.HAL_PWR_EnableBkUpAccess
                0x0000000008002200       0x10 ./build/stm32l4xx_hal_pwr.o
                0x0000000008002200                HAL_PWR_EnableBkUpAccess
 .text.HAL_PWR_DisableBkUpAccess
                0x0000000008002210       0x10 ./build/stm32l4xx_hal_pwr.o
                0x0000000008002210                HAL_PWR_DisableBkUpAccess
 .text.HAL_PWR_ConfigPVD
                0x0000000008002220       0x70 ./build/stm32l4xx_hal_pwr.o
                0x0000000008002220                HAL_PWR_ConfigPVD
 .text.HAL_PWR_EnablePVD
                0x0000000008002290       0x10 ./build/stm32l4xx_hal_pwr.o
                0x0000000008002290                HAL_PWR_EnablePVD
 .text.HAL_PWR_DisablePVD
                0x00000000080022a0       0x10 ./build/stm32l4xx_hal_pwr.o
                0x00000000080022a0                HAL_PWR_DisablePVD
 .text.HAL_PWR_EnableWakeUpPin
                0x00000000080022b0       0x20 ./build/stm32l4xx_hal_pwr.o
                0x00000000080022b0                HAL_PWR_EnableWakeUpPin
 .text.HAL_PWR_DisableWakeUpPin
                0x00000000080022d0       0x14 ./build/stm32l4xx_hal_pwr.o
                0x00000000080022d0                HAL_PWR_DisableWakeUpPin
 .text.HAL_PWR_EnterSLEEPMode
                0x00000000080022e4       0x40 ./build/stm32l4xx_hal_pwr.o
                0x00000000080022e4                HAL_PWR_EnterSLEEPMode
 .text.HAL_PWR_EnterSTOPMode
                0x0000000008002324       0x12 ./build/stm32l4xx_hal_pwr.o
                0x0000000008002324                HAL_PWR_EnterSTOPMode
 *fill*         0x0000000008002336        0x2 
 .text.HAL_PWR_EnterSTANDBYMode
                0x0000000008002338       0x24 ./build/stm32l4xx_hal_pwr.o
                0x0000000008002338                HAL_PWR_EnterSTANDBYMode
 .text.HAL_PWR_EnableSleepOnExit
                0x000000000800235c       0x10 ./build/stm32l4xx_hal_pwr.o
                0x000000000800235c                HAL_PWR_EnableSleepOnExit
 .text.HAL_PWR_DisableSleepOnExit
                0x000000000800236c       0x10 ./build/stm32l4xx_hal_pwr.o
                0x000000000800236c                HAL_PWR_DisableSleepOnExit
 .text.HAL_PWR_EnableSEVOnPend
                0x000000000800237c       0x10 ./build/stm32l4xx_hal_pwr.o
                0x000000000800237c                HAL_PWR_EnableSEVOnPend
 .text.HAL_PWR_DisableSEVOnPend
                0x000000000800238c       0x10 ./build/stm32l4xx_hal_pwr.o
                0x000000000800238c                HAL_PWR_DisableSEVOnPend
 .text.HAL_PWR_PVDCallback
                0x000000000800239c        0x2 ./build/stm32l4xx_hal_pwr.o
                0x000000000800239c                HAL_PWR_PVDCallback
 .text.UART_EndRxTransfer
                0x000000000800239e       0x1c ./build/stm32l4xx_hal_uart.o
 .text.UART_TxISR_8BIT
                0x00000000080023ba       0x3a ./build/stm32l4xx_hal_uart.o
 .text.UART_TxISR_16BIT
                0x00000000080023f4       0x3e ./build/stm32l4xx_hal_uart.o
 .text.HAL_UART_MspInit
                0x0000000008002432        0x2 ./build/stm32l4xx_hal_uart.o
                0x0000000008002432                HAL_UART_MspInit
 .text.HAL_UART_MspDeInit
                0x0000000008002434        0x2 ./build/stm32l4xx_hal_uart.o
                0x0000000008002434                HAL_UART_MspDeInit
 .text.HAL_UART_DeInit
                0x0000000008002436       0x32 ./build/stm32l4xx_hal_uart.o
                0x0000000008002436                HAL_UART_DeInit
 .text.HAL_UART_Transmit_IT
                0x0000000008002468       0x64 ./build/stm32l4xx_hal_uart.o
                0x0000000008002468                HAL_UART_Transmit_IT
 .text.HAL_UART_Receive_IT
                0x00000000080024cc       0xb0 ./build/stm32l4xx_hal_uart.o
                0x00000000080024cc                HAL_UART_Receive_IT
 .text.HAL_UART_Transmit_DMA
                0x000000000800257c       0x8c ./build/stm32l4xx_hal_uart.o
                0x000000000800257c                HAL_UART_Transmit_DMA
 .text.HAL_UART_Receive_DMA
                0x0000000008002608       0x90 ./build/stm32l4xx_hal_uart.o
                0x0000000008002608                HAL_UART_Receive_DMA
 .text.HAL_UART_DMAPause
                0x0000000008002698       0x58 ./build/stm32l4xx_hal_uart.o
                0x0000000008002698                HAL_UART_DMAPause
 .text.HAL_UART_DMAResume
                0x00000000080026f0       0x50 ./build/stm32l4xx_hal_uart.o
                0x00000000080026f0                HAL_UART_DMAResume
 .text.HAL_UART_DMAStop
                0x0000000008002740       0x7a ./build/stm32l4xx_hal_uart.o
                0x0000000008002740                HAL_UART_DMAStop
 .text.HAL_UART_Abort
                0x00000000080027ba       0x90 ./build/stm32l4xx_hal_uart.o
                0x00000000080027ba                HAL_UART_Abort
 .text.HAL_UART_AbortTransmit
                0x000000000800284a       0x48 ./build/stm32l4xx_hal_uart.o
                0x000000000800284a                HAL_UART_AbortTransmit
 .text.HAL_UART_AbortReceive
                0x0000000008002892       0x60 ./build/stm32l4xx_hal_uart.o
                0x0000000008002892                HAL_UART_AbortReceive
 .text.HAL_UART_TxCpltCallback
                0x00000000080028f2        0x2 ./build/stm32l4xx_hal_uart.o
                0x00000000080028f2                HAL_UART_TxCpltCallback
 .text.UART_DMATransmitCplt
                0x00000000080028f4       0x2e ./build/stm32l4xx_hal_uart.o
 .text.HAL_UART_TxHalfCpltCallback
                0x0000000008002922        0x2 ./build/stm32l4xx_hal_uart.o
                0x0000000008002922                HAL_UART_TxHalfCpltCallback
 .text.UART_DMATxHalfCplt
                0x0000000008002924        0xa ./build/stm32l4xx_hal_uart.o
 .text.HAL_UART_RxCpltCallback
                0x000000000800292e        0x2 ./build/stm32l4xx_hal_uart.o
                0x000000000800292e                HAL_UART_RxCpltCallback
 .text.UART_RxISR_8BIT
                0x0000000008002930       0x5a ./build/stm32l4xx_hal_uart.o
 .text.UART_RxISR_16BIT
                0x000000000800298a       0x56 ./build/stm32l4xx_hal_uart.o
 .text.UART_DMAReceiveCplt
                0x00000000080029e0       0x38 ./build/stm32l4xx_hal_uart.o
 .text.HAL_UART_RxHalfCpltCallback
                0x0000000008002a18        0x2 ./build/stm32l4xx_hal_uart.o
                0x0000000008002a18                HAL_UART_RxHalfCpltCallback
 .text.UART_DMARxHalfCplt
                0x0000000008002a1a        0xa ./build/stm32l4xx_hal_uart.o
 .text.HAL_UART_ErrorCallback
                0x0000000008002a24        0x2 ./build/stm32l4xx_hal_uart.o
                0x0000000008002a24                HAL_UART_ErrorCallback
 .text.UART_DMAError
                0x0000000008002a26       0x48 ./build/stm32l4xx_hal_uart.o
 *fill*         0x0000000008002a6e        0x2 
 .text.HAL_UART_IRQHandler
                0x0000000008002a70      0x12c ./build/stm32l4xx_hal_uart.o
                0x0000000008002a70                HAL_UART_IRQHandler
 .text.UART_DMAAbortOnError
                0x0000000008002b9c       0x14 ./build/stm32l4xx_hal_uart.o
 .text.HAL_UART_AbortCpltCallback
                0x0000000008002bb0        0x2 ./build/stm32l4xx_hal_uart.o
                0x0000000008002bb0                HAL_UART_AbortCpltCallback
 *fill*         0x0000000008002bb2        0x2 
 .text.HAL_UART_Abort_IT
                0x0000000008002bb4       0xbc ./build/stm32l4xx_hal_uart.o
                0x0000000008002bb4                HAL_UART_Abort_IT
 .text.UART_DMARxAbortCallback
                0x0000000008002c70       0x38 ./build/stm32l4xx_hal_uart.o
 .text.UART_DMATxAbortCallback
                0x0000000008002ca8       0x2e ./build/stm32l4xx_hal_uart.o
 .text.HAL_UART_AbortTransmitCpltCallback
                0x0000000008002cd6        0x2 ./build/stm32l4xx_hal_uart.o
                0x0000000008002cd6                HAL_UART_AbortTransmitCpltCallback
 .text.HAL_UART_AbortTransmit_IT
                0x0000000008002cd8       0x4c ./build/stm32l4xx_hal_uart.o
                0x0000000008002cd8                HAL_UART_AbortTransmit_IT
 .text.UART_DMATxOnlyAbortCallback
                0x0000000008002d24       0x14 ./build/stm32l4xx_hal_uart.o
 .text.HAL_UART_AbortReceiveCpltCallback
                0x0000000008002d38        0x2 ./build/stm32l4xx_hal_uart.o
                0x0000000008002d38                HAL_UART_AbortReceiveCpltCallback
 *fill*         0x0000000008002d3a        0x2 
 .text.HAL_UART_AbortReceive_IT
                0x0000000008002d3c       0x70 ./build/stm32l4xx_hal_uart.o
                0x0000000008002d3c                HAL_UART_AbortReceive_IT
 .text.UART_DMARxOnlyAbortCallback
                0x0000000008002dac       0x24 ./build/stm32l4xx_hal_uart.o
 .text.HAL_MultiProcessor_EnterMuteMode
                0x0000000008002dd0        0xe ./build/stm32l4xx_hal_uart.o
                0x0000000008002dd0                HAL_MultiProcessor_EnterMuteMode
 .text.HAL_HalfDuplex_EnableTransmitter
                0x0000000008002dde       0x30 ./build/stm32l4xx_hal_uart.o
                0x0000000008002dde                HAL_HalfDuplex_EnableTransmitter
 .text.HAL_HalfDuplex_EnableReceiver
                0x0000000008002e0e       0x30 ./build/stm32l4xx_hal_uart.o
                0x0000000008002e0e                HAL_HalfDuplex_EnableReceiver
 .text.HAL_LIN_SendBreak
                0x0000000008002e3e       0x2a ./build/stm32l4xx_hal_uart.o
                0x0000000008002e3e                HAL_LIN_SendBreak
 .text.HAL_UART_GetState
                0x0000000008002e68        0x8 ./build/stm32l4xx_hal_uart.o
                0x0000000008002e68                HAL_UART_GetState
 .text.HAL_UART_GetError
                0x0000000008002e70        0x4 ./build/stm32l4xx_hal_uart.o
                0x0000000008002e70                HAL_UART_GetError
 .text.UART_SetConfig
                0x0000000008002e74      0x330 ./build/stm32l4xx_hal_uart.o
                0x0000000008002e74                UART_SetConfig
 .text.UART_AdvFeatureConfig
                0x00000000080031a4       0xa8 ./build/stm32l4xx_hal_uart.o
                0x00000000080031a4                UART_AdvFeatureConfig
 .text.UART_WaitOnFlagUntilTimeout
                0x000000000800324c       0x60 ./build/stm32l4xx_hal_uart.o
                0x000000000800324c                UART_WaitOnFlagUntilTimeout
 .text.HAL_UART_Transmit
                0x00000000080032ac       0xb0 ./build/stm32l4xx_hal_uart.o
                0x00000000080032ac                HAL_UART_Transmit
 .text.HAL_UART_Receive
                0x000000000800335c       0xe6 ./build/stm32l4xx_hal_uart.o
                0x000000000800335c                HAL_UART_Receive
 .text.UART_CheckIdleState
                0x0000000008003442       0x62 ./build/stm32l4xx_hal_uart.o
                0x0000000008003442                UART_CheckIdleState
 .text.HAL_UART_Init
                0x00000000080034a4       0x5c ./build/stm32l4xx_hal_uart.o
                0x00000000080034a4                HAL_UART_Init
 .text.HAL_HalfDuplex_Init
                0x0000000008003500       0x64 ./build/stm32l4xx_hal_uart.o
                0x0000000008003500                HAL_HalfDuplex_Init
 .text.HAL_LIN_Init
                0x0000000008003564       0x80 ./build/stm32l4xx_hal_uart.o
                0x0000000008003564                HAL_LIN_Init
 .text.HAL_MultiProcessor_Init
                0x00000000080035e4       0x7e ./build/stm32l4xx_hal_uart.o
                0x00000000080035e4                HAL_MultiProcessor_Init
 .text.HAL_MultiProcessor_EnableMuteMode
                0x0000000008003662       0x28 ./build/stm32l4xx_hal_uart.o
                0x0000000008003662                HAL_MultiProcessor_EnableMuteMode
 .text.HAL_MultiProcessor_DisableMuteMode
                0x000000000800368a       0x28 ./build/stm32l4xx_hal_uart.o
                0x000000000800368a                HAL_MultiProcessor_DisableMuteMode
 *fill*         0x00000000080036b2        0x2 
 .text.HAL_DMA_Init
                0x00000000080036b4       0xd4 ./build/stm32l4xx_hal_dma.o
                0x00000000080036b4                HAL_DMA_Init
 .text.HAL_DMA_DeInit
                0x0000000008003788       0x9c ./build/stm32l4xx_hal_dma.o
                0x0000000008003788                HAL_DMA_DeInit
 .text.HAL_DMA_Start
                0x0000000008003824       0x62 ./build/stm32l4xx_hal_dma.o
                0x0000000008003824                HAL_DMA_Start
 .text.HAL_DMA_Start_IT
                0x0000000008003886       0x7e ./build/stm32l4xx_hal_dma.o
                0x0000000008003886                HAL_DMA_Start_IT
 .text.HAL_DMA_Abort
                0x0000000008003904       0x46 ./build/stm32l4xx_hal_dma.o
                0x0000000008003904                HAL_DMA_Abort
 .text.HAL_DMA_Abort_IT
                0x000000000800394a       0x4c ./build/stm32l4xx_hal_dma.o
                0x000000000800394a                HAL_DMA_Abort_IT
 .text.HAL_DMA_PollForTransfer
                0x0000000008003996       0xce ./build/stm32l4xx_hal_dma.o
                0x0000000008003996                HAL_DMA_PollForTransfer
 .text.HAL_DMA_IRQHandler
                0x0000000008003a64       0x94 ./build/stm32l4xx_hal_dma.o
                0x0000000008003a64                HAL_DMA_IRQHandler
 .text.HAL_DMA_RegisterCallback
                0x0000000008003af8       0x44 ./build/stm32l4xx_hal_dma.o
                0x0000000008003af8                HAL_DMA_RegisterCallback
 .text.HAL_DMA_UnRegisterCallback
                0x0000000008003b3c       0x54 ./build/stm32l4xx_hal_dma.o
                0x0000000008003b3c                HAL_DMA_UnRegisterCallback
 .text.HAL_DMA_GetState
                0x0000000008003b90        0x6 ./build/stm32l4xx_hal_dma.o
                0x0000000008003b90                HAL_DMA_GetState
 .text.HAL_DMA_GetError
                0x0000000008003b96        0x4 ./build/stm32l4xx_hal_dma.o
                0x0000000008003b96                HAL_DMA_GetError
 .text.HAL_RS485Ex_Init
                0x0000000008003b9a       0x80 ./build/stm32l4xx_hal_uart_ex.o
                0x0000000008003b9a                HAL_RS485Ex_Init
 .text.HAL_UARTEx_WakeupCallback
                0x0000000008003c1a        0x2 ./build/stm32l4xx_hal_uart_ex.o
                0x0000000008003c1a                HAL_UARTEx_WakeupCallback
 .text.HAL_UARTEx_EnableClockStopMode
                0x0000000008003c1c       0x20 ./build/stm32l4xx_hal_uart_ex.o
                0x0000000008003c1c                HAL_UARTEx_EnableClockStopMode
 .text.HAL_UARTEx_DisableClockStopMode
                0x0000000008003c3c       0x20 ./build/stm32l4xx_hal_uart_ex.o
                0x0000000008003c3c                HAL_UARTEx_DisableClockStopMode
 .text.HAL_MultiProcessorEx_AddressLength_Set
                0x0000000008003c5c       0x2a ./build/stm32l4xx_hal_uart_ex.o
                0x0000000008003c5c                HAL_MultiProcessorEx_AddressLength_Set
 .text.HAL_UARTEx_StopModeWakeUpSourceConfig
                0x0000000008003c86       0x8a ./build/stm32l4xx_hal_uart_ex.o
                0x0000000008003c86                HAL_UARTEx_StopModeWakeUpSourceConfig
 .text.HAL_UARTEx_EnableStopMode
                0x0000000008003d10       0x20 ./build/stm32l4xx_hal_uart_ex.o
                0x0000000008003d10                HAL_UARTEx_EnableStopMode
 .text.HAL_UARTEx_DisableStopMode
                0x0000000008003d30       0x20 ./build/stm32l4xx_hal_uart_ex.o
                0x0000000008003d30                HAL_UARTEx_DisableStopMode
 .text.BSP_GetVersion
                0x0000000008003d50        0x8 ./build/stm32l4xx_nucleo.o
                0x0000000008003d50                BSP_GetVersion
 .text.BSP_LED_Init
                0x0000000008003d58       0x50 ./build/stm32l4xx_nucleo.o
                0x0000000008003d58                BSP_LED_Init
 .text.BSP_LED_DeInit
                0x0000000008003da8       0x24 ./build/stm32l4xx_nucleo.o
                0x0000000008003da8                BSP_LED_DeInit
 .text.BSP_LED_On
                0x0000000008003dcc       0x14 ./build/stm32l4xx_nucleo.o
                0x0000000008003dcc                BSP_LED_On
 .text.BSP_LED_Off
                0x0000000008003de0       0x14 ./build/stm32l4xx_nucleo.o
                0x0000000008003de0                BSP_LED_Off
 .text.BSP_LED_Toggle
                0x0000000008003df4       0x10 ./build/stm32l4xx_nucleo.o
                0x0000000008003df4                BSP_LED_Toggle
 .text.BSP_PB_Init
                0x0000000008003e04       0x88 ./build/stm32l4xx_nucleo.o
                0x0000000008003e04                BSP_PB_Init
 .text.BSP_PB_DeInit
                0x0000000008003e8c       0x20 ./build/stm32l4xx_nucleo.o
                0x0000000008003e8c                BSP_PB_DeInit
 .text.BSP_PB_GetState
                0x0000000008003eac       0x18 ./build/stm32l4xx_nucleo.o
                0x0000000008003eac                BSP_PB_GetState
 .text.SystemInit
                0x0000000008003ec4       0x48 ./build/system_stm32l4xx.o
                0x0000000008003ec4                SystemInit
 .text.SystemCoreClockUpdate
                0x0000000008003f0c       0xa8 ./build/system_stm32l4xx.o
                0x0000000008003f0c                SystemCoreClockUpdate
 .text.Reset_Handler
                0x0000000008003fb4       0x50 build/stm32l476_startup.o
                0x0000000008003fb4                Reset_Handler
 .text.Default_Handler
                0x0000000008004004        0x2 build/stm32l476_startup.o
                0x0000000008004004                RTC_Alarm_IRQHandler
                0x0000000008004004                EXTI2_IRQHandler
                0x0000000008004004                TIM8_TRG_COM_IRQHandler
                0x0000000008004004                TIM8_CC_IRQHandler
                0x0000000008004004                TIM1_CC_IRQHandler
                0x0000000008004004                TSC_IRQHandler
                0x0000000008004004                TAMP_STAMP_IRQHandler
                0x0000000008004004                EXTI3_IRQHandler
                0x0000000008004004                LPTIM2_IRQHandler
                0x0000000008004004                DFSDM1_FLT1_IRQHandler
                0x0000000008004004                I2C3_ER_IRQHandler
                0x0000000008004004                DFSDM1_FLT2_IRQHandler
                0x0000000008004004                EXTI0_IRQHandler
                0x0000000008004004                I2C2_EV_IRQHandler
                0x0000000008004004                CAN1_RX0_IRQHandler
                0x0000000008004004                FPU_IRQHandler
                0x0000000008004004                TIM1_UP_TIM16_IRQHandler
                0x0000000008004004                ADC1_2_IRQHandler
                0x0000000008004004                SPI1_IRQHandler
                0x0000000008004004                TIM6_DAC_IRQHandler
                0x0000000008004004                TIM8_UP_IRQHandler
                0x0000000008004004                DMA2_Channel2_IRQHandler
                0x0000000008004004                DMA1_Channel4_IRQHandler
                0x0000000008004004                SAI2_IRQHandler
                0x0000000008004004                DFSDM1_FLT3_IRQHandler
                0x0000000008004004                USART3_IRQHandler
                0x0000000008004004                DMA1_Channel7_IRQHandler
                0x0000000008004004                CAN1_RX1_IRQHandler
                0x0000000008004004                LCD_IRQHandler
                0x0000000008004004                UART5_IRQHandler
                0x0000000008004004                ADC3_IRQHandler
                0x0000000008004004                TIM4_IRQHandler
                0x0000000008004004                DMA2_Channel1_IRQHandler
                0x0000000008004004                QUADSPI_IRQHandler
                0x0000000008004004                I2C1_EV_IRQHandler
                0x0000000008004004                DMA1_Channel6_IRQHandler
                0x0000000008004004                UART4_IRQHandler
                0x0000000008004004                DMA2_Channel4_IRQHandler
                0x0000000008004004                TIM3_IRQHandler
                0x0000000008004004                RCC_IRQHandler
                0x0000000008004004                DMA1_Channel1_IRQHandler
                0x0000000008004004                Default_Handler
                0x0000000008004004                DMA2_Channel7_IRQHandler
                0x0000000008004004                TIM7_IRQHandler
                0x0000000008004004                SDMMC1_IRQHandler
                0x0000000008004004                TIM5_IRQHandler
                0x0000000008004004                I2C3_EV_IRQHandler
                0x0000000008004004                EXTI9_5_IRQHandler
                0x0000000008004004                RTC_WKUP_IRQHandler
                0x0000000008004004                PVD_PVM_IRQHandler
                0x0000000008004004                SPI2_IRQHandler
                0x0000000008004004                CAN1_TX_IRQHandler
                0x0000000008004004                DMA2_Channel5_IRQHandler
                0x0000000008004004                DMA1_Channel5_IRQHandler
                0x0000000008004004                EXTI4_IRQHandler
                0x0000000008004004                RNG_IRQHandler
                0x0000000008004004                TIM1_TRG_COM_TIM17_IRQHandler
                0x0000000008004004                DMA1_Channel3_IRQHandler
                0x0000000008004004                COMP_IRQHandler
                0x0000000008004004                WWDG_IRQHandler
                0x0000000008004004                LPUART1_IRQHandler
                0x0000000008004004                DMA2_Channel6_IRQHandler
                0x0000000008004004                TIM2_IRQHandler
                0x0000000008004004                EXTI1_IRQHandler
                0x0000000008004004                USART2_IRQHandler
                0x0000000008004004                DFSDM1_FLT0_IRQHandler
                0x0000000008004004                I2C2_ER_IRQHandler
                0x0000000008004004                DMA1_Channel2_IRQHandler
                0x0000000008004004                TIM8_BRK_IRQHandler
                0x0000000008004004                CAN1_SCE_IRQHandler
                0x0000000008004004                FLASH_IRQHandler
                0x0000000008004004                USART1_IRQHandler
                0x0000000008004004                OTG_FS_IRQHandler
                0x0000000008004004                SPI3_IRQHandler
                0x0000000008004004                I2C1_ER_IRQHandler
                0x0000000008004004                FMC_IRQHandler
                0x0000000008004004                SWPMI1_IRQHandler
                0x0000000008004004                LPTIM1_IRQHandler
                0x0000000008004004                SAI1_IRQHandler
                0x0000000008004004                DMA2_Channel3_IRQHandler
                0x0000000008004004                TIM1_BRK_TIM15_IRQHandler
 *fill*         0x0000000008004006        0x2 
 .text._exit    0x0000000008004008        0x4 /home/greg/Bureau/TempsReel/gcc/bin/../lib/gcc/arm-none-eabi/9.2.1/../../../../arm-none-eabi/lib/thumb/v7e-m+fp/hard/libnosys.a(_exit.o)
                0x0000000008004008                _exit
 *(.glue_7)
 .glue_7        0x000000000800400c        0x0 linker stubs
 *(.glue_7t)
 .glue_7t       0x000000000800400c        0x0 linker stubs
 *(.eh_frame)
 .eh_frame      0x000000000800400c        0x0 /home/greg/Bureau/TempsReel/gcc/bin/../lib/gcc/arm-none-eabi/9.2.1/thumb/v7e-m+fp/hard/crtbegin.o
 .eh_frame      0x000000000800400c        0x4 /home/greg/Bureau/TempsReel/gcc/bin/../lib/gcc/arm-none-eabi/9.2.1/thumb/v7e-m+fp/hard/crtend.o
 *(.init)
 .init          0x0000000008004010        0x4 /home/greg/Bureau/TempsReel/gcc/bin/../lib/gcc/arm-none-eabi/9.2.1/thumb/v7e-m+fp/hard/crti.o
                0x0000000008004010                _init
 .init          0x0000000008004014        0x8 /home/greg/Bureau/TempsReel/gcc/bin/../lib/gcc/arm-none-eabi/9.2.1/thumb/v7e-m+fp/hard/crtn.o
 *(.fini)
 .fini          0x000000000800401c        0x4 /home/greg/Bureau/TempsReel/gcc/bin/../lib/gcc/arm-none-eabi/9.2.1/thumb/v7e-m+fp/hard/crti.o
                0x000000000800401c                _fini
 .fini          0x0000000008004020        0x8 /home/greg/Bureau/TempsReel/gcc/bin/../lib/gcc/arm-none-eabi/9.2.1/thumb/v7e-m+fp/hard/crtn.o
                0x0000000008004028                . = ALIGN (0x8)
                0x0000000008004028                _etext = .

.vfp11_veneer   0x0000000008004028        0x0
 .vfp11_veneer  0x0000000008004028        0x0 linker stubs

.v4_bx          0x0000000008004028        0x0
 .v4_bx         0x0000000008004028        0x0 linker stubs

.iplt           0x0000000008004028        0x0
 .iplt          0x0000000008004028        0x0 /home/greg/Bureau/TempsReel/gcc/bin/../lib/gcc/arm-none-eabi/9.2.1/thumb/v7e-m+fp/hard/crtbegin.o

.rodata         0x0000000008004028       0x68
                0x0000000008004028                . = ALIGN (0x8)
 *(.rodata)
 *(.rodata*)
 .rodata._global_impure_ptr
                0x0000000008004028        0x4 /home/greg/Bureau/TempsReel/gcc/bin/../lib/gcc/arm-none-eabi/9.2.1/../../../../arm-none-eabi/lib/thumb/v7e-m+fp/hard/libc_nano.a(lib_a-impure.o)
                0x0000000008004028                _global_impure_ptr
 .rodata.CSWTCH.49
                0x000000000800402c        0x3 ./build/stm32l4xx_hal_uart.o
 .rodata.CSWTCH.50
                0x000000000800402f        0xd ./build/stm32l4xx_hal_uart.o
 .rodata.BUTTON_IRQn
                0x000000000800403c        0x2 ./build/stm32l4xx_nucleo.o
                0x000000000800403c                BUTTON_IRQn
 .rodata.BUTTON_PIN
                0x000000000800403e        0x2 ./build/stm32l4xx_nucleo.o
                0x000000000800403e                BUTTON_PIN
 .rodata.GPIO_PIN
                0x0000000008004040        0x2 ./build/stm32l4xx_nucleo.o
                0x0000000008004040                GPIO_PIN
 .rodata.AHBPrescTable
                0x0000000008004042       0x10 ./build/system_stm32l4xx.o
                0x0000000008004042                AHBPrescTable
 .rodata.APBPrescTable
                0x0000000008004052        0x8 ./build/system_stm32l4xx.o
                0x0000000008004052                APBPrescTable
 *fill*         0x000000000800405a        0x2 
 .rodata.MSIRangeTable
                0x000000000800405c       0x30 ./build/system_stm32l4xx.o
                0x000000000800405c                MSIRangeTable
                0x0000000008004090                . = ALIGN (0x8)
 *fill*         0x000000000800408c        0x4 

.ARM.extab      0x0000000008004090        0x0
                0x0000000008004090                . = ALIGN (0x8)
 *(.ARM.extab* .gnu.linkonce.armextab.*)
 .ARM.extab     0x0000000008004090        0x0 /home/greg/Bureau/TempsReel/gcc/bin/../lib/gcc/arm-none-eabi/9.2.1/../../../../arm-none-eabi/lib/thumb/v7e-m+fp/hard/crt0.o
 .ARM.extab     0x0000000008004090        0x0 /home/greg/Bureau/TempsReel/gcc/bin/../lib/gcc/arm-none-eabi/9.2.1/thumb/v7e-m+fp/hard/libgcc.a(_udivmoddi4.o)
                0x0000000008004090                . = ALIGN (0x8)

.ARM            0x0000000008004090        0x8
                0x0000000008004090                . = ALIGN (0x8)
                0x0000000008004090                __exidx_start = .
 *(.ARM.exidx*)
 .ARM.exidx     0x0000000008004090        0x8 /home/greg/Bureau/TempsReel/gcc/bin/../lib/gcc/arm-none-eabi/9.2.1/../../../../arm-none-eabi/lib/thumb/v7e-m+fp/hard/crt0.o
 .ARM.exidx     0x0000000008004098        0x0 /home/greg/Bureau/TempsReel/gcc/bin/../lib/gcc/arm-none-eabi/9.2.1/thumb/v7e-m+fp/hard/libgcc.a(_udivmoddi4.o)
                                          0x8 (size before relaxing)
                0x0000000008004098                __exidx_end = .
                0x0000000008004098                . = ALIGN (0x8)

.rel.dyn        0x0000000008004098        0x0
 .rel.iplt      0x0000000008004098        0x0 /home/greg/Bureau/TempsReel/gcc/bin/../lib/gcc/arm-none-eabi/9.2.1/thumb/v7e-m+fp/hard/crtbegin.o

.preinit_array  0x0000000008004098        0x0
                0x0000000008004098                . = ALIGN (0x8)
                0x0000000008004098                PROVIDE (__preinit_array_start = .)
 *(.preinit_array*)
                0x0000000008004098                PROVIDE (__preinit_array_end = .)
                0x0000000008004098                . = ALIGN (0x8)

.init_array     0x0000000008004098        0x8
                0x0000000008004098                . = ALIGN (0x8)
                0x0000000008004098                PROVIDE (__init_array_start = .)
 *(SORT_BY_NAME(.init_array.*))
 *(.init_array*)
 .init_array    0x0000000008004098        0x4 /home/greg/Bureau/TempsReel/gcc/bin/../lib/gcc/arm-none-eabi/9.2.1/thumb/v7e-m+fp/hard/crtbegin.o
                0x000000000800409c                PROVIDE (__init_array_end = .)
                0x00000000080040a0                . = ALIGN (0x8)
 *fill*         0x000000000800409c        0x4 

.fini_array     0x00000000080040a0        0x8
                0x00000000080040a0                . = ALIGN (0x8)
                [!provide]                        PROVIDE (__fini_array_start = .)
 *(SORT_BY_NAME(.fini_array.*))
 *(.fini_array*)
 .fini_array    0x00000000080040a0        0x4 /home/greg/Bureau/TempsReel/gcc/bin/../lib/gcc/arm-none-eabi/9.2.1/thumb/v7e-m+fp/hard/crtbegin.o
                [!provide]                        PROVIDE (__fini_array_end = .)
                0x00000000080040a8                . = ALIGN (0x8)
 *fill*         0x00000000080040a4        0x4 
                0x00000000080040a8                _sidata = LOADADDR (.data)

.data           0x0000000020000000       0xd8 load address 0x00000000080040a8
                0x0000000020000000                . = ALIGN (0x8)
                0x0000000020000000                _sdata = .
 *(.data)
 .data          0x0000000020000000        0x0 /home/greg/Bureau/TempsReel/gcc/bin/../lib/gcc/arm-none-eabi/9.2.1/thumb/v7e-m+fp/hard/crti.o
 .data          0x0000000020000000        0x4 /home/greg/Bureau/TempsReel/gcc/bin/../lib/gcc/arm-none-eabi/9.2.1/thumb/v7e-m+fp/hard/crtbegin.o
                0x0000000020000000                __dso_handle
 .data          0x0000000020000004        0x0 /home/greg/Bureau/TempsReel/gcc/bin/../lib/gcc/arm-none-eabi/9.2.1/../../../../arm-none-eabi/lib/thumb/v7e-m+fp/hard/crt0.o
 .data          0x0000000020000004        0x0 /home/greg/Bureau/TempsReel/gcc/bin/../lib/gcc/arm-none-eabi/9.2.1/../../../../arm-none-eabi/lib/thumb/v7e-m+fp/hard/libc_nano.a(lib_a-exit.o)
 .data          0x0000000020000004        0x0 /home/greg/Bureau/TempsReel/gcc/bin/../lib/gcc/arm-none-eabi/9.2.1/../../../../arm-none-eabi/lib/thumb/v7e-m+fp/hard/libc_nano.a(lib_a-impure.o)
 .data          0x0000000020000004        0x0 /home/greg/Bureau/TempsReel/gcc/bin/../lib/gcc/arm-none-eabi/9.2.1/../../../../arm-none-eabi/lib/thumb/v7e-m+fp/hard/libc_nano.a(lib_a-init.o)
 .data          0x0000000020000004        0x0 /home/greg/Bureau/TempsReel/gcc/bin/../lib/gcc/arm-none-eabi/9.2.1/../../../../arm-none-eabi/lib/thumb/v7e-m+fp/hard/libc_nano.a(lib_a-memset.o)
 .data          0x0000000020000004        0x0 ./build/main.o
 .data          0x0000000020000004        0x0 ./build/stm32l4xx_it.o
 .data          0x0000000020000004        0x0 ./build/stm32l4xx_hal.o
 .data          0x0000000020000004        0x0 ./build/stm32l4xx_hal_cortex.o
 .data          0x0000000020000004        0x0 ./build/stm32l4xx_hal_rcc.o
 .data          0x0000000020000004        0x0 ./build/stm32l4xx_hal_pwr_ex.o
 .data          0x0000000020000004        0x0 ./build/stm32l4xx_hal_gpio.o
 .data          0x0000000020000004        0x0 ./build/stm32l4xx_hal_pwr.o
 .data          0x0000000020000004        0x0 ./build/stm32l4xx_hal_uart.o
 .data          0x0000000020000004        0x0 ./build/stm32l4xx_hal_dma.o
 .data          0x0000000020000004        0x0 ./build/stm32l4xx_hal_uart_ex.o
 .data          0x0000000020000004        0x0 ./build/stm32l4xx_nucleo.o
 .data          0x0000000020000004        0x0 ./build/system_stm32l4xx.o
 .data          0x0000000020000004        0x0 build/stm32l476_startup.o
 .data          0x0000000020000004        0x0 /home/greg/Bureau/TempsReel/gcc/bin/../lib/gcc/arm-none-eabi/9.2.1/thumb/v7e-m+fp/hard/libgcc.a(_aeabi_ldivmod.o)
 .data          0x0000000020000004        0x0 /home/greg/Bureau/TempsReel/gcc/bin/../lib/gcc/arm-none-eabi/9.2.1/thumb/v7e-m+fp/hard/libgcc.a(_aeabi_uldivmod.o)
 .data          0x0000000020000004        0x0 /home/greg/Bureau/TempsReel/gcc/bin/../lib/gcc/arm-none-eabi/9.2.1/thumb/v7e-m+fp/hard/libgcc.a(_udivmoddi4.o)
 .data          0x0000000020000004        0x0 /home/greg/Bureau/TempsReel/gcc/bin/../lib/gcc/arm-none-eabi/9.2.1/thumb/v7e-m+fp/hard/libgcc.a(_dvmd_tls.o)
 .data          0x0000000020000004        0x0 /home/greg/Bureau/TempsReel/gcc/bin/../lib/gcc/arm-none-eabi/9.2.1/../../../../arm-none-eabi/lib/thumb/v7e-m+fp/hard/libnosys.a(_exit.o)
 .data          0x0000000020000004        0x0 /home/greg/Bureau/TempsReel/gcc/bin/../lib/gcc/arm-none-eabi/9.2.1/thumb/v7e-m+fp/hard/crtend.o
 .data          0x0000000020000004        0x0 /home/greg/Bureau/TempsReel/gcc/bin/../lib/gcc/arm-none-eabi/9.2.1/thumb/v7e-m+fp/hard/crtn.o
 *(.data*)
 .data._impure_ptr
                0x0000000020000004        0x4 /home/greg/Bureau/TempsReel/gcc/bin/../lib/gcc/arm-none-eabi/9.2.1/../../../../arm-none-eabi/lib/thumb/v7e-m+fp/hard/libc_nano.a(lib_a-impure.o)
                0x0000000020000004                _impure_ptr
 .data.impure_data
                0x0000000020000008       0x60 /home/greg/Bureau/TempsReel/gcc/bin/../lib/gcc/arm-none-eabi/9.2.1/../../../../arm-none-eabi/lib/thumb/v7e-m+fp/hard/libc_nano.a(lib_a-impure.o)
 .data.aTxStartMessage
                0x0000000020000068       0x57 ./build/main.o
                0x0000000020000068                aTxStartMessage
 .data.ubSizeToSend
                0x00000000200000bf        0x1 ./build/main.o
                0x00000000200000bf                ubSizeToSend
 .data.uwTickFreq
                0x00000000200000c0        0x4 ./build/stm32l4xx_hal.o
                0x00000000200000c0                uwTickFreq
 .data.uwTickPrio
                0x00000000200000c4        0x4 ./build/stm32l4xx_hal.o
                0x00000000200000c4                uwTickPrio
 .data.BUTTON_PORT
                0x00000000200000c8        0x4 ./build/stm32l4xx_nucleo.o
                0x00000000200000c8                BUTTON_PORT
 .data.GPIO_PORT
                0x00000000200000cc        0x4 ./build/stm32l4xx_nucleo.o
                0x00000000200000cc                GPIO_PORT
 .data.SystemCoreClock
                0x00000000200000d0        0x4 ./build/system_stm32l4xx.o
                0x00000000200000d0                SystemCoreClock
                0x00000000200000d8                . = ALIGN (0x8)
 *fill*         0x00000000200000d4        0x4 
                0x00000000200000d8                _edata = .

.igot.plt       0x00000000200000d8        0x0 load address 0x0000000008004180
 .igot.plt      0x00000000200000d8        0x0 /home/greg/Bureau/TempsReel/gcc/bin/../lib/gcc/arm-none-eabi/9.2.1/thumb/v7e-m+fp/hard/crtbegin.o
                0x00000000200000d8                . = ALIGN (0x4)

.bss            0x00000000200000d8       0xc8 load address 0x0000000008004180
                0x00000000200000d8                _sbss = .
                0x00000000200000d8                __bss_start__ = _sbss
 *(.bss)
 .bss           0x00000000200000d8        0x0 /home/greg/Bureau/TempsReel/gcc/bin/../lib/gcc/arm-none-eabi/9.2.1/thumb/v7e-m+fp/hard/crti.o
 .bss           0x00000000200000d8       0x1c /home/greg/Bureau/TempsReel/gcc/bin/../lib/gcc/arm-none-eabi/9.2.1/thumb/v7e-m+fp/hard/crtbegin.o
 .bss           0x00000000200000f4        0x0 /home/greg/Bureau/TempsReel/gcc/bin/../lib/gcc/arm-none-eabi/9.2.1/../../../../arm-none-eabi/lib/thumb/v7e-m+fp/hard/crt0.o
 .bss           0x00000000200000f4        0x0 /home/greg/Bureau/TempsReel/gcc/bin/../lib/gcc/arm-none-eabi/9.2.1/../../../../arm-none-eabi/lib/thumb/v7e-m+fp/hard/libc_nano.a(lib_a-exit.o)
 .bss           0x00000000200000f4        0x0 /home/greg/Bureau/TempsReel/gcc/bin/../lib/gcc/arm-none-eabi/9.2.1/../../../../arm-none-eabi/lib/thumb/v7e-m+fp/hard/libc_nano.a(lib_a-impure.o)
 .bss           0x00000000200000f4        0x0 /home/greg/Bureau/TempsReel/gcc/bin/../lib/gcc/arm-none-eabi/9.2.1/../../../../arm-none-eabi/lib/thumb/v7e-m+fp/hard/libc_nano.a(lib_a-init.o)
 .bss           0x00000000200000f4        0x0 /home/greg/Bureau/TempsReel/gcc/bin/../lib/gcc/arm-none-eabi/9.2.1/../../../../arm-none-eabi/lib/thumb/v7e-m+fp/hard/libc_nano.a(lib_a-memset.o)
 .bss           0x00000000200000f4        0x0 ./build/main.o
 .bss           0x00000000200000f4        0x0 ./build/stm32l4xx_it.o
 .bss           0x00000000200000f4        0x0 ./build/stm32l4xx_hal.o
 .bss           0x00000000200000f4        0x0 ./build/stm32l4xx_hal_cortex.o
 .bss           0x00000000200000f4        0x0 ./build/stm32l4xx_hal_rcc.o
 .bss           0x00000000200000f4        0x0 ./build/stm32l4xx_hal_pwr_ex.o
 .bss           0x00000000200000f4        0x0 ./build/stm32l4xx_hal_gpio.o
 .bss           0x00000000200000f4        0x0 ./build/stm32l4xx_hal_pwr.o
 .bss           0x00000000200000f4        0x0 ./build/stm32l4xx_hal_uart.o
 .bss           0x00000000200000f4        0x0 ./build/stm32l4xx_hal_dma.o
 .bss           0x00000000200000f4        0x0 ./build/stm32l4xx_hal_uart_ex.o
 .bss           0x00000000200000f4        0x0 ./build/stm32l4xx_nucleo.o
 .bss           0x00000000200000f4        0x0 ./build/system_stm32l4xx.o
 .bss           0x00000000200000f4        0x0 build/stm32l476_startup.o
 .bss           0x00000000200000f4        0x0 /home/greg/Bureau/TempsReel/gcc/bin/../lib/gcc/arm-none-eabi/9.2.1/thumb/v7e-m+fp/hard/libgcc.a(_aeabi_ldivmod.o)
 .bss           0x00000000200000f4        0x0 /home/greg/Bureau/TempsReel/gcc/bin/../lib/gcc/arm-none-eabi/9.2.1/thumb/v7e-m+fp/hard/libgcc.a(_aeabi_uldivmod.o)
 .bss           0x00000000200000f4        0x0 /home/greg/Bureau/TempsReel/gcc/bin/../lib/gcc/arm-none-eabi/9.2.1/thumb/v7e-m+fp/hard/libgcc.a(_udivmoddi4.o)
 .bss           0x00000000200000f4        0x0 /home/greg/Bureau/TempsReel/gcc/bin/../lib/gcc/arm-none-eabi/9.2.1/thumb/v7e-m+fp/hard/libgcc.a(_dvmd_tls.o)
 .bss           0x00000000200000f4        0x0 /home/greg/Bureau/TempsReel/gcc/bin/../lib/gcc/arm-none-eabi/9.2.1/../../../../arm-none-eabi/lib/thumb/v7e-m+fp/hard/libnosys.a(_exit.o)
 .bss           0x00000000200000f4        0x0 /home/greg/Bureau/TempsReel/gcc/bin/../lib/gcc/arm-none-eabi/9.2.1/thumb/v7e-m+fp/hard/crtend.o
 .bss           0x00000000200000f4        0x0 /home/greg/Bureau/TempsReel/gcc/bin/../lib/gcc/arm-none-eabi/9.2.1/thumb/v7e-m+fp/hard/crtn.o
 *(.bss*)
 .bss.uwBufferReadyIndication
                0x00000000200000f4        0x4 ./build/main.o
                0x00000000200000f4                uwBufferReadyIndication
 .bss.uwNbReceivedChars
                0x00000000200000f8        0x4 ./build/main.o
                0x00000000200000f8                uwNbReceivedChars
 *(COMMON)
 COMMON         0x00000000200000fc       0x9e ./build/main.o
                0x00000000200000fc                pBufferReadyForReception
                0x0000000020000100                aRXBufferA
                0x000000002000010c                pBufferReadyForUser
                0x0000000020000110                UartHandle
                0x0000000020000190                aRXBufferB
 *fill*         0x000000002000019a        0x2 
 COMMON         0x000000002000019c        0x4 ./build/stm32l4xx_hal.o
                0x000000002000019c                uwTick
                0x00000000200001a0                . = ALIGN (0x4)
                0x00000000200001a0                _ebss = .
                0x00000000200001a0                __bss_end__ = _ebss

._user_heap_stack
                0x00000000200001a0      0x600 load address 0x0000000008004180
                0x00000000200001a0                . = ALIGN (0x8)
                [!provide]                        PROVIDE (end = .)
                [!provide]                        PROVIDE (_end = .)
                0x00000000200003a0                . = (. + _Min_Heap_Size)
 *fill*         0x00000000200001a0      0x200 
                0x00000000200007a0                . = (. + _Min_Stack_Size)
 *fill*         0x00000000200003a0      0x400 
                0x00000000200007a0                . = ALIGN (0x8)

/DISCARD/
 libc.a(*)
 libm.a(*)
 libgcc.a(*)

.ARM.attributes
                0x0000000000000000       0x30
 *(.ARM.attributes)
 .ARM.attributes
                0x0000000000000000       0x1e /home/greg/Bureau/TempsReel/gcc/bin/../lib/gcc/arm-none-eabi/9.2.1/thumb/v7e-m+fp/hard/crti.o
 .ARM.attributes
                0x000000000000001e       0x34 /home/greg/Bureau/TempsReel/gcc/bin/../lib/gcc/arm-none-eabi/9.2.1/thumb/v7e-m+fp/hard/crtbegin.o
 .ARM.attributes
                0x0000000000000052       0x1c /home/greg/Bureau/TempsReel/gcc/bin/../lib/gcc/arm-none-eabi/9.2.1/../../../../arm-none-eabi/lib/thumb/v7e-m+fp/hard/crt0.o
 .ARM.attributes
                0x000000000000006e       0x34 /home/greg/Bureau/TempsReel/gcc/bin/../lib/gcc/arm-none-eabi/9.2.1/../../../../arm-none-eabi/lib/thumb/v7e-m+fp/hard/libc_nano.a(lib_a-exit.o)
 .ARM.attributes
                0x00000000000000a2       0x32 /home/greg/Bureau/TempsReel/gcc/bin/../lib/gcc/arm-none-eabi/9.2.1/../../../../arm-none-eabi/lib/thumb/v7e-m+fp/hard/libc_nano.a(lib_a-impure.o)
 .ARM.attributes
                0x00000000000000d4       0x34 /home/greg/Bureau/TempsReel/gcc/bin/../lib/gcc/arm-none-eabi/9.2.1/../../../../arm-none-eabi/lib/thumb/v7e-m+fp/hard/libc_nano.a(lib_a-init.o)
 .ARM.attributes
                0x0000000000000108       0x34 /home/greg/Bureau/TempsReel/gcc/bin/../lib/gcc/arm-none-eabi/9.2.1/../../../../arm-none-eabi/lib/thumb/v7e-m+fp/hard/libc_nano.a(lib_a-memset.o)
 .ARM.attributes
                0x000000000000013c       0x34 ./build/main.o
 .ARM.attributes
                0x0000000000000170       0x34 ./build/stm32l4xx_it.o
 .ARM.attributes
                0x00000000000001a4       0x34 ./build/stm32l4xx_hal.o
 .ARM.attributes
                0x00000000000001d8       0x34 ./build/stm32l4xx_hal_cortex.o
 .ARM.attributes
                0x000000000000020c       0x34 ./build/stm32l4xx_hal_rcc.o
 .ARM.attributes
                0x0000000000000240       0x34 ./build/stm32l4xx_hal_pwr_ex.o
 .ARM.attributes
                0x0000000000000274       0x34 ./build/stm32l4xx_hal_gpio.o
 .ARM.attributes
                0x00000000000002a8       0x34 ./build/stm32l4xx_hal_pwr.o
 .ARM.attributes
                0x00000000000002dc       0x34 ./build/stm32l4xx_hal_uart.o
 .ARM.attributes
                0x0000000000000310       0x34 ./build/stm32l4xx_hal_dma.o
 .ARM.attributes
                0x0000000000000344       0x34 ./build/stm32l4xx_hal_uart_ex.o
 .ARM.attributes
                0x0000000000000378       0x34 ./build/stm32l4xx_nucleo.o
 .ARM.attributes
                0x00000000000003ac       0x34 ./build/system_stm32l4xx.o
 .ARM.attributes
                0x00000000000003e0       0x21 build/stm32l476_startup.o
 .ARM.attributes
                0x0000000000000401       0x1e /home/greg/Bureau/TempsReel/gcc/bin/../lib/gcc/arm-none-eabi/9.2.1/thumb/v7e-m+fp/hard/libgcc.a(_aeabi_ldivmod.o)
 .ARM.attributes
                0x000000000000041f       0x1e /home/greg/Bureau/TempsReel/gcc/bin/../lib/gcc/arm-none-eabi/9.2.1/thumb/v7e-m+fp/hard/libgcc.a(_aeabi_uldivmod.o)
 .ARM.attributes
                0x000000000000043d       0x34 /home/greg/Bureau/TempsReel/gcc/bin/../lib/gcc/arm-none-eabi/9.2.1/thumb/v7e-m+fp/hard/libgcc.a(_udivmoddi4.o)
 .ARM.attributes
                0x0000000000000471       0x1e /home/greg/Bureau/TempsReel/gcc/bin/../lib/gcc/arm-none-eabi/9.2.1/thumb/v7e-m+fp/hard/libgcc.a(_dvmd_tls.o)
 .ARM.attributes
                0x000000000000048f       0x34 /home/greg/Bureau/TempsReel/gcc/bin/../lib/gcc/arm-none-eabi/9.2.1/../../../../arm-none-eabi/lib/thumb/v7e-m+fp/hard/libnosys.a(_exit.o)
 .ARM.attributes
                0x00000000000004c3       0x32 /home/greg/Bureau/TempsReel/gcc/bin/../lib/gcc/arm-none-eabi/9.2.1/thumb/v7e-m+fp/hard/crtend.o
 .ARM.attributes
                0x00000000000004f5       0x1e /home/greg/Bureau/TempsReel/gcc/bin/../lib/gcc/arm-none-eabi/9.2.1/thumb/v7e-m+fp/hard/crtn.o
OUTPUT(./build/LED_UART.elf elf32-littlearm)

.debug_frame    0x0000000000000000      0x138
 .debug_frame   0x0000000000000000       0x28 /home/greg/Bureau/TempsReel/gcc/bin/../lib/gcc/arm-none-eabi/9.2.1/../../../../arm-none-eabi/lib/thumb/v7e-m+fp/hard/libc_nano.a(lib_a-exit.o)
 .debug_frame   0x0000000000000028       0x2c /home/greg/Bureau/TempsReel/gcc/bin/../lib/gcc/arm-none-eabi/9.2.1/../../../../arm-none-eabi/lib/thumb/v7e-m+fp/hard/libc_nano.a(lib_a-init.o)
 .debug_frame   0x0000000000000054       0x20 /home/greg/Bureau/TempsReel/gcc/bin/../lib/gcc/arm-none-eabi/9.2.1/../../../../arm-none-eabi/lib/thumb/v7e-m+fp/hard/libc_nano.a(lib_a-memset.o)
 .debug_frame   0x0000000000000074       0x44 /home/greg/Bureau/TempsReel/gcc/bin/../lib/gcc/arm-none-eabi/9.2.1/thumb/v7e-m+fp/hard/libgcc.a(_aeabi_ldivmod.o)
 .debug_frame   0x00000000000000b8       0x2c /home/greg/Bureau/TempsReel/gcc/bin/../lib/gcc/arm-none-eabi/9.2.1/thumb/v7e-m+fp/hard/libgcc.a(_aeabi_uldivmod.o)
 .debug_frame   0x00000000000000e4       0x34 /home/greg/Bureau/TempsReel/gcc/bin/../lib/gcc/arm-none-eabi/9.2.1/thumb/v7e-m+fp/hard/libgcc.a(_udivmoddi4.o)
 .debug_frame   0x0000000000000118       0x20 /home/greg/Bureau/TempsReel/gcc/bin/../lib/gcc/arm-none-eabi/9.2.1/../../../../arm-none-eabi/lib/thumb/v7e-m+fp/hard/libnosys.a(_exit.o)

.comment        0x0000000000000000       0x79
 .comment       0x0000000000000000       0x79 ./build/main.o
                                         0x7a (size before relaxing)
 .comment       0x0000000000000079       0x7a ./build/stm32l4xx_it.o
 .comment       0x0000000000000079       0x7a ./build/stm32l4xx_hal.o
 .comment       0x0000000000000079       0x7a ./build/stm32l4xx_hal_cortex.o
 .comment       0x0000000000000079       0x7a ./build/stm32l4xx_hal_rcc.o
[...]
HAL_RCC_OscConfig                                 ./build/stm32l4xx_hal_rcc.o
                                                  ./build/main.o
HAL_RS485Ex_Init                                  ./build/stm32l4xx_hal_uart_ex.o
HAL_ResumeTick                                    ./build/stm32l4xx_hal.o
HAL_SYSCFG_DisableIOAnalogSwitchBooster           ./build/stm32l4xx_hal.o
HAL_SYSCFG_DisableMemorySwappingBank              ./build/stm32l4xx_hal.o
HAL_SYSCFG_DisableVREFBUF                         ./build/stm32l4xx_hal.o
HAL_SYSCFG_EnableIOAnalogSwitchBooster            ./build/stm32l4xx_hal.o
HAL_SYSCFG_EnableMemorySwappingBank               ./build/stm32l4xx_hal.o
HAL_SYSCFG_EnableVREFBUF                          ./build/stm32l4xx_hal.o
HAL_SYSCFG_SRAM2Erase                             ./build/stm32l4xx_hal.o
HAL_SYSCFG_VREFBUF_HighImpedanceConfig            ./build/stm32l4xx_hal.o
HAL_SYSCFG_VREFBUF_TrimmingConfig                 ./build/stm32l4xx_hal.o
HAL_SYSCFG_VREFBUF_VoltageScalingConfig           ./build/stm32l4xx_hal.o
HAL_SYSTICK_CLKSourceConfig                       ./build/stm32l4xx_hal_cortex.o
HAL_SYSTICK_Callback                              ./build/stm32l4xx_hal_cortex.o
HAL_SYSTICK_Config                                ./build/stm32l4xx_hal_cortex.o
                                                  ./build/stm32l4xx_hal.o
HAL_SYSTICK_IRQHandler                            ./build/stm32l4xx_hal_cortex.o
HAL_SetTickFreq                                   ./build/stm32l4xx_hal.o
HAL_SuspendTick                                   ./build/stm32l4xx_hal.o
HAL_UARTEx_DisableClockStopMode                   ./build/stm32l4xx_hal_uart_ex.o
HAL_UARTEx_DisableStopMode                        ./build/stm32l4xx_hal_uart_ex.o
HAL_UARTEx_EnableClockStopMode                    ./build/stm32l4xx_hal_uart_ex.o
HAL_UARTEx_EnableStopMode                         ./build/stm32l4xx_hal_uart_ex.o
HAL_UARTEx_StopModeWakeUpSourceConfig             ./build/stm32l4xx_hal_uart_ex.o
HAL_UARTEx_WakeupCallback                         ./build/stm32l4xx_hal_uart_ex.o
                                                  ./build/stm32l4xx_hal_uart.o
HAL_UART_Abort                                    ./build/stm32l4xx_hal_uart.o
HAL_UART_AbortCpltCallback                        ./build/stm32l4xx_hal_uart.o
HAL_UART_AbortReceive                             ./build/stm32l4xx_hal_uart.o
HAL_UART_AbortReceiveCpltCallback                 ./build/stm32l4xx_hal_uart.o
HAL_UART_AbortReceive_IT                          ./build/stm32l4xx_hal_uart.o
HAL_UART_AbortTransmit                            ./build/stm32l4xx_hal_uart.o
HAL_UART_AbortTransmitCpltCallback                ./build/stm32l4xx_hal_uart.o
HAL_UART_AbortTransmit_IT                         ./build/stm32l4xx_hal_uart.o
HAL_UART_Abort_IT                                 ./build/stm32l4xx_hal_uart.o
HAL_UART_DMAPause                                 ./build/stm32l4xx_hal_uart.o
HAL_UART_DMAResume                                ./build/stm32l4xx_hal_uart.o
HAL_UART_DMAStop                                  ./build/stm32l4xx_hal_uart.o
HAL_UART_DeInit                                   ./build/stm32l4xx_hal_uart.o
HAL_UART_ErrorCallback                            ./build/stm32l4xx_hal_uart.o
HAL_UART_GetError                                 ./build/stm32l4xx_hal_uart.o
HAL_UART_GetState                                 ./build/stm32l4xx_hal_uart.o
HAL_UART_IRQHandler                               ./build/stm32l4xx_hal_uart.o
HAL_UART_Init                                     ./build/stm32l4xx_hal_uart.o
                                                  ./build/main.o
HAL_UART_MspDeInit                                ./build/stm32l4xx_hal_uart.o
HAL_UART_MspInit                                  ./build/stm32l4xx_hal_uart.o
                                                  ./build/stm32l4xx_hal_uart_ex.o
HAL_UART_Receive                                  ./build/stm32l4xx_hal_uart.o
HAL_UART_Receive_DMA                              ./build/stm32l4xx_hal_uart.o
HAL_UART_Receive_IT                               ./build/stm32l4xx_hal_uart.o
HAL_UART_RxCpltCallback                           ./build/stm32l4xx_hal_uart.o
HAL_UART_RxHalfCpltCallback                       ./build/stm32l4xx_hal_uart.o
HAL_UART_Transmit                                 ./build/stm32l4xx_hal_uart.o
                                                  ./build/main.o
HAL_UART_Transmit_DMA                             ./build/stm32l4xx_hal_uart.o
HAL_UART_Transmit_IT                              ./build/stm32l4xx_hal_uart.o
HAL_UART_TxCpltCallback                           ./build/stm32l4xx_hal_uart.o
HAL_UART_TxHalfCpltCallback                       ./build/stm32l4xx_hal_uart.o
HardFault_Handler                                 ./build/stm32l4xx_it.o
I2C1_ER_IRQHandler                                build/stm32l476_startup.o
I2C1_EV_IRQHandler                                build/stm32l476_startup.o
I2C2_ER_IRQHandler                                build/stm32l476_startup.o
I2C2_EV_IRQHandler                                build/stm32l476_startup.o
I2C3_ER_IRQHandler                                build/stm32l476_startup.o
I2C3_EV_IRQHandler                                build/stm32l476_startup.o
LCD_IRQHandler                                    build/stm32l476_startup.o
LPTIM1_IRQHandler                                 build/stm32l476_startup.o
LPTIM2_IRQHandler                                 build/stm32l476_startup.o
LPUART1_IRQHandler                                build/stm32l476_startup.o
MSIRangeTable                                     ./build/system_stm32l4xx.o
                                                  ./build/stm32l4xx_hal_rcc.o
MemManage_Handler                                 ./build/stm32l4xx_it.o
NMI_Handler                                       ./build/stm32l4xx_it.o
OTG_FS_IRQHandler                                 build/stm32l476_startup.o
PVD_PVM_IRQHandler                                build/stm32l476_startup.o
PendSV_Handler                                    ./build/stm32l4xx_it.o
QUADSPI_IRQHandler                                build/stm32l476_startup.o
RCC_IRQHandler                                    build/stm32l476_startup.o
RNG_IRQHandler                                    build/stm32l476_startup.o
RTC_Alarm_IRQHandler                              build/stm32l476_startup.o
RTC_WKUP_IRQHandler                               build/stm32l476_startup.o
Reset_Handler                                     build/stm32l476_startup.o
SAI1_IRQHandler                                   build/stm32l476_startup.o
SAI2_IRQHandler                                   build/stm32l476_startup.o
SDMMC1_IRQHandler                                 build/stm32l476_startup.o
SPI1_IRQHandler                                   build/stm32l476_startup.o
SPI2_IRQHandler                                   build/stm32l476_startup.o
SPI3_IRQHandler                                   build/stm32l476_startup.o
SVC_Handler                                       ./build/stm32l4xx_it.o
SWPMI1_IRQHandler                                 build/stm32l476_startup.o
SysTick_Handler                                   ./build/stm32l4xx_it.o
SystemCoreClock                                   ./build/system_stm32l4xx.o
                                                  ./build/stm32l4xx_hal_pwr_ex.o
                                                  ./build/stm32l4xx_hal_rcc.o
                                                  ./build/stm32l4xx_hal.o
SystemCoreClockUpdate                             ./build/system_stm32l4xx.o
SystemInit                                        ./build/system_stm32l4xx.o
                                                  build/stm32l476_startup.o
TAMP_STAMP_IRQHandler                             build/stm32l476_startup.o
TIM1_BRK_TIM15_IRQHandler                         build/stm32l476_startup.o
TIM1_CC_IRQHandler                                build/stm32l476_startup.o
TIM1_TRG_COM_TIM17_IRQHandler                     build/stm32l476_startup.o
TIM1_UP_TIM16_IRQHandler                          build/stm32l476_startup.o
TIM2_IRQHandler                                   build/stm32l476_startup.o
TIM3_IRQHandler                                   build/stm32l476_startup.o
TIM4_IRQHandler                                   build/stm32l476_startup.o
TIM5_IRQHandler                                   build/stm32l476_startup.o
TIM6_DAC_IRQHandler                               build/stm32l476_startup.o
TIM7_IRQHandler                                   build/stm32l476_startup.o
TIM8_BRK_IRQHandler                               build/stm32l476_startup.o
TIM8_CC_IRQHandler                                build/stm32l476_startup.o
TIM8_TRG_COM_IRQHandler                           build/stm32l476_startup.o
TIM8_UP_IRQHandler                                build/stm32l476_startup.o
TSC_IRQHandler                                    build/stm32l476_startup.o
UART4_IRQHandler                                  build/stm32l476_startup.o
UART5_IRQHandler                                  build/stm32l476_startup.o
UART_AdvFeatureConfig                             ./build/stm32l4xx_hal_uart.o
                                                  ./build/stm32l4xx_hal_uart_ex.o
UART_CharReception_Callback                       ./build/main.o
UART_CheckIdleState                               ./build/stm32l4xx_hal_uart.o
                                                  ./build/stm32l4xx_hal_uart_ex.o
UART_Error_Callback                               ./build/main.o
UART_SetConfig                                    ./build/stm32l4xx_hal_uart.o
                                                  ./build/stm32l4xx_hal_uart_ex.o
UART_WaitOnFlagUntilTimeout                       ./build/stm32l4xx_hal_uart.o
                                                  ./build/stm32l4xx_hal_uart_ex.o
USART1_IRQHandler                                 build/stm32l476_startup.o
USART2_IRQHandler                                 build/stm32l476_startup.o
USART3_IRQHandler                                 build/stm32l476_startup.o
UartHandle                                        ./build/main.o
UsageFault_Handler                                ./build/stm32l4xx_it.o
WWDG_IRQHandler                                   build/stm32l476_startup.o
__aeabi_idiv0                                     /home/greg/Bureau/TempsReel/gcc/bin/../lib/gcc/arm-none-eabi/9.2.1/thumb/v7e-m+fp/hard/libgcc.a(_dvmd_tls.o)
__aeabi_ldiv0                                     /home/greg/Bureau/TempsReel/gcc/bin/../lib/gcc/arm-none-eabi/9.2.1/thumb/v7e-m+fp/hard/libgcc.a(_dvmd_tls.o)
                                                  /home/greg/Bureau/TempsReel/gcc/bin/../lib/gcc/arm-none-eabi/9.2.1/thumb/v7e-m+fp/hard/libgcc.a(_aeabi_uldivmod.o)
                                                  /home/greg/Bureau/TempsReel/gcc/bin/../lib/gcc/arm-none-eabi/9.2.1/thumb/v7e-m+fp/hard/libgcc.a(_aeabi_ldivmod.o)
__aeabi_ldivmod                                   /home/greg/Bureau/TempsReel/gcc/bin/../lib/gcc/arm-none-eabi/9.2.1/thumb/v7e-m+fp/hard/libgcc.a(_aeabi_ldivmod.o)
                                                  ./build/stm32l4xx_hal_uart.o
__aeabi_uldivmod                                  /home/greg/Bureau/TempsReel/gcc/bin/../lib/gcc/arm-none-eabi/9.2.1/thumb/v7e-m+fp/hard/libgcc.a(_aeabi_uldivmod.o)
                                                  ./build/stm32l4xx_hal_uart.o
__bss_end__                                       /home/greg/Bureau/TempsReel/gcc/bin/../lib/gcc/arm-none-eabi/9.2.1/../../../../arm-none-eabi/lib/thumb/v7e-m+fp/hard/crt0.o
__bss_start__                                     /home/greg/Bureau/TempsReel/gcc/bin/../lib/gcc/arm-none-eabi/9.2.1/../../../../arm-none-eabi/lib/thumb/v7e-m+fp/hard/crt0.o
__call_exitprocs                                  /home/greg/Bureau/TempsReel/gcc/bin/../lib/gcc/arm-none-eabi/9.2.1/../../../../arm-none-eabi/lib/thumb/v7e-m+fp/hard/libc_nano.a(lib_a-exit.o)
__deregister_frame_info                           /home/greg/Bureau/TempsReel/gcc/bin/../lib/gcc/arm-none-eabi/9.2.1/thumb/v7e-m+fp/hard/crtbegin.o
__dso_handle                                      /home/greg/Bureau/TempsReel/gcc/bin/../lib/gcc/arm-none-eabi/9.2.1/thumb/v7e-m+fp/hard/crtbegin.o
__init_array_end                                  /home/greg/Bureau/TempsReel/gcc/bin/../lib/gcc/arm-none-eabi/9.2.1/../../../../arm-none-eabi/lib/thumb/v7e-m+fp/hard/libc_nano.a(lib_a-init.o)
__init_array_start                                /home/greg/Bureau/TempsReel/gcc/bin/../lib/gcc/arm-none-eabi/9.2.1/../../../../arm-none-eabi/lib/thumb/v7e-m+fp/hard/libc_nano.a(lib_a-init.o)
__libc_fini_array                                 /home/greg/Bureau/TempsReel/gcc/bin/../lib/gcc/arm-none-eabi/9.2.1/../../../../arm-none-eabi/lib/thumb/v7e-m+fp/hard/crt0.o
__libc_init_array                                 /home/greg/Bureau/TempsReel/gcc/bin/../lib/gcc/arm-none-eabi/9.2.1/../../../../arm-none-eabi/lib/thumb/v7e-m+fp/hard/libc_nano.a(lib_a-init.o)
                                                  build/stm32l476_startup.o
                                                  /home/greg/Bureau/TempsReel/gcc/bin/../lib/gcc/arm-none-eabi/9.2.1/../../../../arm-none-eabi/lib/thumb/v7e-m+fp/hard/crt0.o
__preinit_array_end                               /home/greg/Bureau/TempsReel/gcc/bin/../lib/gcc/arm-none-eabi/9.2.1/../../../../arm-none-eabi/lib/thumb/v7e-m+fp/hard/libc_nano.a(lib_a-init.o)
__preinit_array_start                             /home/greg/Bureau/TempsReel/gcc/bin/../lib/gcc/arm-none-eabi/9.2.1/../../../../arm-none-eabi/lib/thumb/v7e-m+fp/hard/libc_nano.a(lib_a-init.o)
__register_frame_info                             /home/greg/Bureau/TempsReel/gcc/bin/../lib/gcc/arm-none-eabi/9.2.1/thumb/v7e-m+fp/hard/crtbegin.o
__sf_fake_stderr                                  /home/greg/Bureau/TempsReel/gcc/bin/../lib/gcc/arm-none-eabi/9.2.1/../../../../arm-none-eabi/lib/thumb/v7e-m+fp/hard/libc_nano.a(lib_a-impure.o)
__sf_fake_stdin                                   /home/greg/Bureau/TempsReel/gcc/bin/../lib/gcc/arm-none-eabi/9.2.1/../../../../arm-none-eabi/lib/thumb/v7e-m+fp/hard/libc_nano.a(lib_a-impure.o)
__sf_fake_stdout                                  /home/greg/Bureau/TempsReel/gcc/bin/../lib/gcc/arm-none-eabi/9.2.1/../../../../arm-none-eabi/lib/thumb/v7e-m+fp/hard/libc_nano.a(lib_a-impure.o)
__stack                                           /home/greg/Bureau/TempsReel/gcc/bin/../lib/gcc/arm-none-eabi/9.2.1/../../../../arm-none-eabi/lib/thumb/v7e-m+fp/hard/crt0.o
__udivmoddi4                                      /home/greg/Bureau/TempsReel/gcc/bin/../lib/gcc/arm-none-eabi/9.2.1/thumb/v7e-m+fp/hard/libgcc.a(_udivmoddi4.o)
                                                  /home/greg/Bureau/TempsReel/gcc/bin/../lib/gcc/arm-none-eabi/9.2.1/thumb/v7e-m+fp/hard/libgcc.a(_aeabi_uldivmod.o)
                                                  /home/greg/Bureau/TempsReel/gcc/bin/../lib/gcc/arm-none-eabi/9.2.1/thumb/v7e-m+fp/hard/libgcc.a(_aeabi_ldivmod.o)
_ebss                                             build/stm32l476_startup.o
_edata                                            build/stm32l476_startup.o
_estack                                           build/stm32l476_startup.o
_exit                                             /home/greg/Bureau/TempsReel/gcc/bin/../lib/gcc/arm-none-eabi/9.2.1/../../../../arm-none-eabi/lib/thumb/v7e-m+fp/hard/libnosys.a(_exit.o)
                                                  /home/greg/Bureau/TempsReel/gcc/bin/../lib/gcc/arm-none-eabi/9.2.1/../../../../arm-none-eabi/lib/thumb/v7e-m+fp/hard/libc_nano.a(lib_a-exit.o)
_fini                                             /home/greg/Bureau/TempsReel/gcc/bin/../lib/gcc/arm-none-eabi/9.2.1/thumb/v7e-m+fp/hard/crti.o
_global_impure_ptr                                /home/greg/Bureau/TempsReel/gcc/bin/../lib/gcc/arm-none-eabi/9.2.1/../../../../arm-none-eabi/lib/thumb/v7e-m+fp/hard/libc_nano.a(lib_a-impure.o)
                                                  /home/greg/Bureau/TempsReel/gcc/bin/../lib/gcc/arm-none-eabi/9.2.1/../../../../arm-none-eabi/lib/thumb/v7e-m+fp/hard/libc_nano.a(lib_a-exit.o)
_impure_ptr                                       /home/greg/Bureau/TempsReel/gcc/bin/../lib/gcc/arm-none-eabi/9.2.1/../../../../arm-none-eabi/lib/thumb/v7e-m+fp/hard/libc_nano.a(lib_a-impure.o)
_init                                             /home/greg/Bureau/TempsReel/gcc/bin/../lib/gcc/arm-none-eabi/9.2.1/thumb/v7e-m+fp/hard/crti.o
                                                  /home/greg/Bureau/TempsReel/gcc/bin/../lib/gcc/arm-none-eabi/9.2.1/../../../../arm-none-eabi/lib/thumb/v7e-m+fp/hard/libc_nano.a(lib_a-init.o)
_mainCRTStartup                                   /home/greg/Bureau/TempsReel/gcc/bin/../lib/gcc/arm-none-eabi/9.2.1/../../../../arm-none-eabi/lib/thumb/v7e-m+fp/hard/crt0.o
_sbss                                             build/stm32l476_startup.o
_sdata                                            build/stm32l476_startup.o
_sidata                                           build/stm32l476_startup.o
_start                                            /home/greg/Bureau/TempsReel/gcc/bin/../lib/gcc/arm-none-eabi/9.2.1/../../../../arm-none-eabi/lib/thumb/v7e-m+fp/hard/crt0.o
aRXBufferA                                        ./build/main.o
aRXBufferB                                        ./build/main.o
aTxStartMessage                                   ./build/main.o
atexit                                            /home/greg/Bureau/TempsReel/gcc/bin/../lib/gcc/arm-none-eabi/9.2.1/../../../../arm-none-eabi/lib/thumb/v7e-m+fp/hard/crt0.o
exit                                              /home/greg/Bureau/TempsReel/gcc/bin/../lib/gcc/arm-none-eabi/9.2.1/../../../../arm-none-eabi/lib/thumb/v7e-m+fp/hard/libc_nano.a(lib_a-exit.o)
                                                  /home/greg/Bureau/TempsReel/gcc/bin/../lib/gcc/arm-none-eabi/9.2.1/../../../../arm-none-eabi/lib/thumb/v7e-m+fp/hard/crt0.o
g_pfnVectors                                      build/stm32l476_startup.o
hardware_init_hook                                /home/greg/Bureau/TempsReel/gcc/bin/../lib/gcc/arm-none-eabi/9.2.1/../../../../arm-none-eabi/lib/thumb/v7e-m+fp/hard/crt0.o
main                                              ./build/main.o
                                                  build/stm32l476_startup.o
                                                  /home/greg/Bureau/TempsReel/gcc/bin/../lib/gcc/arm-none-eabi/9.2.1/../../../../arm-none-eabi/lib/thumb/v7e-m+fp/hard/crt0.o
memset                                            /home/greg/Bureau/TempsReel/gcc/bin/../lib/gcc/arm-none-eabi/9.2.1/../../../../arm-none-eabi/lib/thumb/v7e-m+fp/hard/libc_nano.a(lib_a-memset.o)
                                                  ./build/stm32l4xx_nucleo.o
                                                  ./build/main.o
                                                  /home/greg/Bureau/TempsReel/gcc/bin/../lib/gcc/arm-none-eabi/9.2.1/../../../../arm-none-eabi/lib/thumb/v7e-m+fp/hard/crt0.o
pBufferReadyForReception                          ./build/main.o
pBufferReadyForUser                               ./build/main.o
software_init_hook                                /home/greg/Bureau/TempsReel/gcc/bin/../lib/gcc/arm-none-eabi/9.2.1/../../../../arm-none-eabi/lib/thumb/v7e-m+fp/hard/crt0.o
ubSizeToSend                                      ./build/main.o
uwBufferReadyIndication                           ./build/main.o
uwNbReceivedChars                                 ./build/main.o
uwTick                                            ./build/stm32l4xx_hal.o
uwTickFreq                                        ./build/stm32l4xx_hal.o
uwTickPrio                                        ./build/stm32l4xx_hal.o
                                                  ./build/stm32l4xx_hal_rcc.o
